******************************************************************************
            TI ARM Clang Linker PC v4.0.4                      
******************************************************************************
>> Linked Thu Apr  2 21:06:03 2026

OUTPUT FILE NAME:   <01_LED.out>
ENTRY POINT SYMBOL: "_c_int00_noinit_noargs"  address: 00000175


MEMORY CONFIGURATION

         name            origin    length      used     unused   attr    fill
----------------------  --------  ---------  --------  --------  ----  --------
  FLASH                 00000000   00020000  000001e0  0001fe20  R  X
  SRAM                  20200000   00008000  00000200  00007e00  RW X
  BCR_CONFIG            41c00000   000000ff  00000000  000000ff  R   
  BSL_CONFIG            41c00100   00000080  00000000  00000080  R   


SEGMENT ALLOCATION MAP

run origin  load origin   length   init length attrs members
----------  ----------- ---------- ----------- ----- -------
00000000    00000000    000001e0   000001e0    r-x
  00000000    00000000    000000c0   000000c0    r-- .intvecs
  000000c0    000000c0    00000120   00000120    r-x .text
20207e00    20207e00    00000200   00000000    rw-
  20207e00    20207e00    00000200   00000000    rw- .stack


SECTION ALLOCATION MAP

 output                                  attributes/
section   page    origin      length       input sections
--------  ----  ----------  ----------   ----------------
.intvecs   0    00000000    000000c0     
                  00000000    000000c0     startup_mspm0g350x_ticlang.o (.intvecs)

.text      0    000000c0    00000120     
                  000000c0    00000048     empty.o (.text.main)
                  00000108    00000040     ti_msp_dl_config.o (.text.SYSCFG_DL_SYSCTL_init)
                  00000148    0000002c     ti_msp_dl_config.o (.text.SYSCFG_DL_initPower)
                  00000174    00000020     libc.a : boot_cortex_m.c.obj (.text:_c_int00_noinit_noargs)
                  00000194    0000001c     ti_msp_dl_config.o (.text.SYSCFG_DL_GPIO_init)
                  000001b0    00000010     ti_msp_dl_config.o (.text.SYSCFG_DL_init)
                  000001c0    0000000a     driverlib.a : dl_common.o (.text.DL_Common_delayCycles)
                  000001ca    00000006     libc.a : exit.c.obj (.text:abort)
                  000001d0    00000004     libsysbm.a : hostexit.c.obj (.text.HOSTexit)
                  000001d4    00000004     startup_mspm0g350x_ticlang.o (.text.Reset_Handler)
                  000001d8    00000004     libc.a : pre_init.c.obj (.text._system_pre_init)
                  000001dc    00000002     startup_mspm0g350x_ticlang.o (.text.Default_Handler)
                  000001de    00000002     --HOLE-- [fill = 0]

.cinit     0    00000000    00000000     

.init_array 
*          0    00000000    00000000     UNINITIALIZED

.binit     0    00000000    00000000     

.stack     0    20207e00    00000200     UNINITIALIZED
                  20207e00    00000004     libc.a : boot_cortex_m.c.obj (.stack)
                  20207e04    000001fc     --HOLE--

__llvm_prf_cnts 
*          0    20200000    00000000     UNINITIALIZED

__llvm_prf_bits 
*          0    20200000    00000000     UNINITIALIZED

MODULE SUMMARY

       Module                         code   ro data   rw data
       ------                         ----   -------   -------
    .\
       startup_mspm0g350x_ticlang.o   6      192       0      
       ti_msp_dl_config.o             152    0         0      
       empty.o                        72     0         0      
    +--+------------------------------+------+---------+---------+
       Total:                         230    192       0      
                                                              
    C:/TI/mspm0_sdk_2_10_00_04/source/ti/driverlib/lib/ticlang/m0p/mspm0g1x0x_g3x0x/driverlib.a
       dl_common.o                    10     0         0      
    +--+------------------------------+------+---------+---------+
       Total:                         10     0         0      
                                                              
    E:\ti\ccs2050\ccs\tools\compiler\ti-cgt-armllvm_4.0.4.LTS\lib\armv6m-ti-none-eabi/c/libc.a
       boot_cortex_m.c.obj            32     0         0      
       exit.c.obj                     6      0         0      
       pre_init.c.obj                 4      0         0      
    +--+------------------------------+------+---------+---------+
       Total:                         42     0         0      
                                                              
    E:\ti\ccs2050\ccs\tools\compiler\ti-cgt-armllvm_4.0.4.LTS\lib\armv6m-ti-none-eabi/c/libsysbm.a
       hostexit.c.obj                 4      0         0      
    +--+------------------------------+------+---------+---------+
       Total:                         4      0         0      
                                                              
       Stack:                         0      0         512    
    +--+------------------------------+------+---------+---------+
       Grand Total:                   286    192       512    


GLOBAL SYMBOLS: SORTED ALPHABETICALLY BY Name 

address   name                    
-------   ----                    
000001dd  ADC0_IRQHandler         
000001dd  ADC1_IRQHandler         
000001dd  AES_IRQHandler          
000001d0  C$$EXIT                 
000001dd  CANFD0_IRQHandler       
000001dd  DAC0_IRQHandler         
000001c1  DL_Common_delayCycles   
000001dd  DMA_IRQHandler          
000001dd  Default_Handler         
000001dd  GROUP0_IRQHandler       
000001dd  GROUP1_IRQHandler       
000001d1  HOSTexit                
000001dd  HardFault_Handler       
000001dd  I2C0_IRQHandler         
000001dd  I2C1_IRQHandler         
000001dd  NMI_Handler             
000001dd  PendSV_Handler          
000001dd  RTC_IRQHandler          
000001d5  Reset_Handler           
000001dd  SPI0_IRQHandler         
000001dd  SPI1_IRQHandler         
000001dd  SVC_Handler             
00000195  SYSCFG_DL_GPIO_init     
00000109  SYSCFG_DL_SYSCTL_init   
000001b1  SYSCFG_DL_init          
00000149  SYSCFG_DL_initPower     
000001dd  SysTick_Handler         
000001dd  TIMA0_IRQHandler        
000001dd  TIMA1_IRQHandler        
000001dd  TIMG0_IRQHandler        
000001dd  TIMG12_IRQHandler       
000001dd  TIMG6_IRQHandler        
000001dd  TIMG7_IRQHandler        
000001dd  TIMG8_IRQHandler        
000001dd  UART0_IRQHandler        
000001dd  UART1_IRQHandler        
000001dd  UART2_IRQHandler        
000001dd  UART3_IRQHandler        
20208000  __STACK_END             
00000200  __STACK_SIZE            
00000000  __TI_ATRegion0_region_sz
00000000  __TI_ATRegion0_src_addr 
00000000  __TI_ATRegion0_trg_addr 
00000000  __TI_ATRegion1_region_sz
00000000  __TI_ATRegion1_src_addr 
00000000  __TI_ATRegion1_trg_addr 
00000000  __TI_ATRegion2_region_sz
00000000  __TI_ATRegion2_src_addr 
00000000  __TI_ATRegion2_trg_addr 
00000000  __TI_CINIT_Base         
00000000  __TI_CINIT_Limit        
00000000  __TI_CINIT_Warm         
ffffffff  __TI_pprof_out_hndl     
ffffffff  __TI_prof_data_size     
ffffffff  __TI_prof_data_start    
00000000  __TI_static_base__      
ffffffff  __binit__               
UNDEFED   __mpu_init              
20207e00  __stack                 
20200000  __start___llvm_prf_bits 
20200000  __start___llvm_prf_cnts 
20200000  __stop___llvm_prf_bits  
20200000  __stop___llvm_prf_cnts  
00000175  _c_int00_noinit_noargs  
000001d9  _system_pre_init        
000001cb  abort                   
ffffffff  binit                   
00000000  interruptVectors        
000000c1  main                    


GLOBAL SYMBOLS: SORTED BY Symbol Address 

address   name                    
-------   ----                    
00000000  __TI_ATRegion0_region_sz
00000000  __TI_ATRegion0_src_addr 
00000000  __TI_ATRegion0_trg_addr 
00000000  __TI_ATRegion1_region_sz
00000000  __TI_ATRegion1_src_addr 
00000000  __TI_ATRegion1_trg_addr 
00000000  __TI_ATRegion2_region_sz
00000000  __TI_ATRegion2_src_addr 
00000000  __TI_ATRegion2_trg_addr 
00000000  __TI_CINIT_Base         
00000000  __TI_CINIT_Limit        
00000000  __TI_CINIT_Warm         
00000000  __TI_static_base__      
00000000  interruptVectors        
000000c1  main                    
00000109  SYSCFG_DL_SYSCTL_init   
00000149  SYSCFG_DL_initPower     
00000175  _c_int00_noinit_noargs  
00000195  SYSCFG_DL_GPIO_init     
000001b1  SYSCFG_DL_init          
000001c1  DL_Common_delayCycles   
000001cb  abort                   
000001d0  C$$EXIT                 
000001d1  HOSTexit                
000001d5  Reset_Handler           
000001d9  _system_pre_init        
000001dd  ADC0_IRQHandler         
000001dd  ADC1_IRQHandler         
000001dd  AES_IRQHandler          
000001dd  CANFD0_IRQHandler       
000001dd  DAC0_IRQHandler         
000001dd  DMA_IRQHandler          
000001dd  Default_Handler         
000001dd  GROUP0_IRQHandler       
000001dd  GROUP1_IRQHandler       
000001dd  HardFault_Handler       
000001dd  I2C0_IRQHandler         
000001dd  I2C1_IRQHandler         
000001dd  NMI_Handler             
000001dd  PendSV_Handler          
000001dd  RTC_IRQHandler          
000001dd  SPI0_IRQHandler         
000001dd  SPI1_IRQHandler         
000001dd  SVC_Handler             
000001dd  SysTick_Handler         
000001dd  TIMA0_IRQHandler        
000001dd  TIMA1_IRQHandler        
000001dd  TIMG0_IRQHandler        
000001dd  TIMG12_IRQHandler       
000001dd  TIMG6_IRQHandler        
000001dd  TIMG7_IRQHandler        
000001dd  TIMG8_IRQHandler        
000001dd  UART0_IRQHandler        
000001dd  UART1_IRQHandler        
000001dd  UART2_IRQHandler        
000001dd  UART3_IRQHandler        
00000200  __STACK_SIZE            
20200000  __start___llvm_prf_bits 
20200000  __start___llvm_prf_cnts 
20200000  __stop___llvm_prf_bits  
20200000  __stop___llvm_prf_cnts  
20207e00  __stack                 
20208000  __STACK_END             
ffffffff  __TI_pprof_out_hndl     
ffffffff  __TI_prof_data_size     
ffffffff  __TI_prof_data_start    
ffffffff  __binit__               
ffffffff  binit                   
UNDEFED   __mpu_init              

[69 symbols]
