******************************************************************************
            TI ARM Clang Linker PC v4.0.4                      
******************************************************************************
>> Linked Fri Apr  3 00:13:47 2026

OUTPUT FILE NAME:   <02_CLOCK_GPIO.out>
ENTRY POINT SYMBOL: "_c_int00_noinit_noargs"  address: 00000681


MEMORY CONFIGURATION

         name            origin    length      used     unused   attr    fill
----------------------  --------  ---------  --------  --------  ----  --------
  FLASH                 00000000   00020000  00000718  0001f8e8  R  X
  SRAM                  20200000   00008000  00000200  00007e00  RW X
  BCR_CONFIG            41c00000   000000ff  00000000  000000ff  R   
  BSL_CONFIG            41c00100   00000080  00000000  00000080  R   


SEGMENT ALLOCATION MAP

run origin  load origin   length   init length attrs members
----------  ----------- ---------- ----------- ----- -------
00000000    00000000    00000718   00000718    r-x
  00000000    00000000    000000c0   000000c0    r-- .intvecs
  000000c0    000000c0    00000630   00000630    r-x .text
  000006f0    000006f0    00000028   00000028    r-- .rodata
20207e00    20207e00    00000200   00000000    rw-
  20207e00    20207e00    00000200   00000000    rw- .stack


SECTION ALLOCATION MAP

 output                                  attributes/
section   page    origin      length       input sections
--------  ----  ----------  ----------   ----------------
.intvecs   0    00000000    000000c0     
                  00000000    000000c0     startup_mspm0g350x_ticlang.o (.intvecs)

.text      0    000000c0    00000630     
                  000000c0    000002a8     ti_msp_dl_config.o (.text.SYSCFG_DL_SYSCTL_SYSPLL_init)
                  00000368    000000dc     driverlib.a : dl_sysctl_mspm0g1x0x_g3x0x.o (.text.DL_SYSCTL_configSYSPLL)
                  00000444    000000b0     ti_msp_dl_config.o (.text.SYSCFG_DL_SYSCTL_init)
                  000004f4    00000064     driverlib.a : dl_sysctl_mspm0g1x0x_g3x0x.o (.text.DL_SYSCTL_setHFCLKSourceHFXTParams)
                  00000558    00000054     empty.o (.text.main)
                  000005ac    00000044     driverlib.a : dl_sysctl_mspm0g1x0x_g3x0x.o (.text.DL_SYSCTL_switchMCLKfromSYSOSCtoHSCLK)
                  000005f0    00000040     libclang_rt.builtins.a : aeabi_uidivmod.S.obj (.text.__aeabi_uidivmod)
                  00000630    0000002c     ti_msp_dl_config.o (.text.SYSCFG_DL_initPower)
                  0000065c    00000024     ti_msp_dl_config.o (.text.SYSCFG_DL_GPIO_init)
                  00000680    00000020     libc.a : boot_cortex_m.c.obj (.text:_c_int00_noinit_noargs)
                  000006a0    0000001c     driverlib.a : dl_sysctl_mspm0g1x0x_g3x0x.o (.text.DL_SYSCTL_configFCC)
                  000006bc    00000010     ti_msp_dl_config.o (.text.SYSCFG_DL_init)
                  000006cc    0000000a     driverlib.a : dl_common.o (.text.DL_Common_delayCycles)
                  000006d6    00000006     libc.a : exit.c.obj (.text:abort)
                  000006dc    00000004     libsysbm.a : hostexit.c.obj (.text.HOSTexit)
                  000006e0    00000004     startup_mspm0g350x_ticlang.o (.text.Reset_Handler)
                  000006e4    00000004     libc.a : pre_init.c.obj (.text._system_pre_init)
                  000006e8    00000002     startup_mspm0g350x_ticlang.o (.text.Default_Handler)
                  000006ea    00000002     libclang_rt.builtins.a : aeabi_div0.c.obj (.text.__aeabi_idiv0)
                  000006ec    00000004     --HOLE-- [fill = 0]

.cinit     0    00000000    00000000     

.rodata    0    000006f0    00000028     
                  000006f0    00000028     ti_msp_dl_config.o (.rodata.gSYSPLLConfig)

.init_array 
*          0    00000000    00000000     UNINITIALIZED

.binit     0    00000000    00000000     

.stack     0    20207e00    00000200     UNINITIALIZED
                  20207e00    00000004     libc.a : boot_cortex_m.c.obj (.stack)
                  20207e04    000001fc     --HOLE--

__llvm_prf_cnts 
*          0    20200000    00000000     UNINITIALIZED

__llvm_prf_bits 
*          0    20200000    00000000     UNINITIALIZED

MODULE SUMMARY

       Module                         code   ro data   rw data
       ------                         ----   -------   -------
    .\
       ti_msp_dl_config.o             952    40        0      
       startup_mspm0g350x_ticlang.o   6      192       0      
       empty.o                        84     0         0      
    +--+------------------------------+------+---------+---------+
       Total:                         1042   232       0      
                                                              
    C:/TI/mspm0_sdk_2_10_00_04/source/ti/driverlib/lib/ticlang/m0p/mspm0g1x0x_g3x0x/driverlib.a
       dl_sysctl_mspm0g1x0x_g3x0x.o   416    0         0      
       dl_common.o                    10     0         0      
    +--+------------------------------+------+---------+---------+
       Total:                         426    0         0      
                                                              
    E:\ti\ccs2050\ccs\tools\compiler\ti-cgt-armllvm_4.0.4.LTS\lib\armv6m-ti-none-eabi/c/libc.a
       boot_cortex_m.c.obj            32     0         0      
       exit.c.obj                     6      0         0      
       pre_init.c.obj                 4      0         0      
    +--+------------------------------+------+---------+---------+
       Total:                         42     0         0      
                                                              
    E:\ti\ccs2050\ccs\tools\compiler\ti-cgt-armllvm_4.0.4.LTS\lib\armv6m-ti-none-eabi/c/libsysbm.a
       hostexit.c.obj                 4      0         0      
    +--+------------------------------+------+---------+---------+
       Total:                         4      0         0      
                                                              
    E:\ti\ccs2050\ccs\tools\compiler\ti-cgt-armllvm_4.0.4.LTS\lib\armv6m-ti-none-eabi/libclang_rt.builtins.a
       aeabi_uidivmod.S.obj           64     0         0      
       aeabi_div0.c.obj               2      0         0      
    +--+------------------------------+------+---------+---------+
       Total:                         66     0         0      
                                                              
       Stack:                         0      0         512    
    +--+------------------------------+------+---------+---------+
       Grand Total:                   1580   232       512    


GLOBAL SYMBOLS: SORTED ALPHABETICALLY BY Name 

address   name                                 
-------   ----                                 
000006e9  ADC0_IRQHandler                      
000006e9  ADC1_IRQHandler                      
000006e9  AES_IRQHandler                       
000006dc  C$$EXIT                              
000006e9  CANFD0_IRQHandler                    
000006e9  DAC0_IRQHandler                      
000006cd  DL_Common_delayCycles                
000006a1  DL_SYSCTL_configFCC                  
00000369  DL_SYSCTL_configSYSPLL               
000004f5  DL_SYSCTL_setHFCLKSourceHFXTParams   
000005ad  DL_SYSCTL_switchMCLKfromSYSOSCtoHSCLK
000006e9  DMA_IRQHandler                       
000006e9  Default_Handler                      
000006e9  GROUP0_IRQHandler                    
000006e9  GROUP1_IRQHandler                    
000006dd  HOSTexit                             
000006e9  HardFault_Handler                    
000006e9  I2C0_IRQHandler                      
000006e9  I2C1_IRQHandler                      
000006e9  NMI_Handler                          
000006e9  PendSV_Handler                       
000006e9  RTC_IRQHandler                       
000006e1  Reset_Handler                        
000006e9  SPI0_IRQHandler                      
000006e9  SPI1_IRQHandler                      
000006e9  SVC_Handler                          
0000065d  SYSCFG_DL_GPIO_init                  
000000c1  SYSCFG_DL_SYSCTL_SYSPLL_init         
00000445  SYSCFG_DL_SYSCTL_init                
000006bd  SYSCFG_DL_init                       
00000631  SYSCFG_DL_initPower                  
000006e9  SysTick_Handler                      
000006e9  TIMA0_IRQHandler                     
000006e9  TIMA1_IRQHandler                     
000006e9  TIMG0_IRQHandler                     
000006e9  TIMG12_IRQHandler                    
000006e9  TIMG6_IRQHandler                     
000006e9  TIMG7_IRQHandler                     
000006e9  TIMG8_IRQHandler                     
000006e9  UART0_IRQHandler                     
000006e9  UART1_IRQHandler                     
000006e9  UART2_IRQHandler                     
000006e9  UART3_IRQHandler                     
20208000  __STACK_END                          
00000200  __STACK_SIZE                         
00000000  __TI_ATRegion0_region_sz             
00000000  __TI_ATRegion0_src_addr              
00000000  __TI_ATRegion0_trg_addr              
00000000  __TI_ATRegion1_region_sz             
00000000  __TI_ATRegion1_src_addr              
00000000  __TI_ATRegion1_trg_addr              
00000000  __TI_ATRegion2_region_sz             
00000000  __TI_ATRegion2_src_addr              
00000000  __TI_ATRegion2_trg_addr              
00000000  __TI_CINIT_Base                      
00000000  __TI_CINIT_Limit                     
00000000  __TI_CINIT_Warm                      
ffffffff  __TI_pprof_out_hndl                  
ffffffff  __TI_prof_data_size                  
ffffffff  __TI_prof_data_start                 
00000000  __TI_static_base__                   
000006eb  __aeabi_idiv0                        
000005f1  __aeabi_uidiv                        
000005f1  __aeabi_uidivmod                     
ffffffff  __binit__                            
UNDEFED   __mpu_init                           
20207e00  __stack                              
20200000  __start___llvm_prf_bits              
20200000  __start___llvm_prf_cnts              
20200000  __stop___llvm_prf_bits               
20200000  __stop___llvm_prf_cnts               
00000681  _c_int00_noinit_noargs               
000006e5  _system_pre_init                     
000006d7  abort                                
ffffffff  binit                                
00000000  interruptVectors                     
00000559  main                                 


GLOBAL SYMBOLS: SORTED BY Symbol Address 

address   name                                 
-------   ----                                 
00000000  __TI_ATRegion0_region_sz             
00000000  __TI_ATRegion0_src_addr              
00000000  __TI_ATRegion0_trg_addr              
00000000  __TI_ATRegion1_region_sz             
00000000  __TI_ATRegion1_src_addr              
00000000  __TI_ATRegion1_trg_addr              
00000000  __TI_ATRegion2_region_sz             
00000000  __TI_ATRegion2_src_addr              
00000000  __TI_ATRegion2_trg_addr              
00000000  __TI_CINIT_Base                      
00000000  __TI_CINIT_Limit                     
00000000  __TI_CINIT_Warm                      
00000000  __TI_static_base__                   
00000000  interruptVectors                     
000000c1  SYSCFG_DL_SYSCTL_SYSPLL_init         
00000200  __STACK_SIZE                         
00000369  DL_SYSCTL_configSYSPLL               
00000445  SYSCFG_DL_SYSCTL_init                
000004f5  DL_SYSCTL_setHFCLKSourceHFXTParams   
00000559  main                                 
000005ad  DL_SYSCTL_switchMCLKfromSYSOSCtoHSCLK
000005f1  __aeabi_uidiv                        
000005f1  __aeabi_uidivmod                     
00000631  SYSCFG_DL_initPower                  
0000065d  SYSCFG_DL_GPIO_init                  
00000681  _c_int00_noinit_noargs               
000006a1  DL_SYSCTL_configFCC                  
000006bd  SYSCFG_DL_init                       
000006cd  DL_Common_delayCycles                
000006d7  abort                                
000006dc  C$$EXIT                              
000006dd  HOSTexit                             
000006e1  Reset_Handler                        
000006e5  _system_pre_init                     
000006e9  ADC0_IRQHandler                      
000006e9  ADC1_IRQHandler                      
000006e9  AES_IRQHandler                       
000006e9  CANFD0_IRQHandler                    
000006e9  DAC0_IRQHandler                      
000006e9  DMA_IRQHandler                       
000006e9  Default_Handler                      
000006e9  GROUP0_IRQHandler                    
000006e9  GROUP1_IRQHandler                    
000006e9  HardFault_Handler                    
000006e9  I2C0_IRQHandler                      
000006e9  I2C1_IRQHandler                      
000006e9  NMI_Handler                          
000006e9  PendSV_Handler                       
000006e9  RTC_IRQHandler                       
000006e9  SPI0_IRQHandler                      
000006e9  SPI1_IRQHandler                      
000006e9  SVC_Handler                          
000006e9  SysTick_Handler                      
000006e9  TIMA0_IRQHandler                     
000006e9  TIMA1_IRQHandler                     
000006e9  TIMG0_IRQHandler                     
000006e9  TIMG12_IRQHandler                    
000006e9  TIMG6_IRQHandler                     
000006e9  TIMG7_IRQHandler                     
000006e9  TIMG8_IRQHandler                     
000006e9  UART0_IRQHandler                     
000006e9  UART1_IRQHandler                     
000006e9  UART2_IRQHandler                     
000006e9  UART3_IRQHandler                     
000006eb  __aeabi_idiv0                        
20200000  __start___llvm_prf_bits              
20200000  __start___llvm_prf_cnts              
20200000  __stop___llvm_prf_bits               
20200000  __stop___llvm_prf_cnts               
20207e00  __stack                              
20208000  __STACK_END                          
ffffffff  __TI_pprof_out_hndl                  
ffffffff  __TI_prof_data_size                  
ffffffff  __TI_prof_data_start                 
ffffffff  __binit__                            
ffffffff  binit                                
UNDEFED   __mpu_init                           

[77 symbols]
