******************************************************************************
            TI ARM Clang Linker PC v4.0.4                      
******************************************************************************
>> Linked Tue Apr 14 16:12:19 2026

OUTPUT FILE NAME:   <03_Debug_BLOCK.out>
ENTRY POINT SYMBOL: "_c_int00_noinit_noargs"  address: 0000064d


MEMORY CONFIGURATION

         name            origin    length      used     unused   attr    fill
----------------------  --------  ---------  --------  --------  ----  --------
  FLASH                 00000000   00020000  00000890  0001f770  R  X
  SRAM                  20200000   00008000  00000200  00007e00  RW X
  BCR_CONFIG            41c00000   000000ff  00000000  000000ff  R   
  BSL_CONFIG            41c00100   00000080  00000000  00000080  R   


SEGMENT ALLOCATION MAP

run origin  load origin   length   init length attrs members
----------  ----------- ---------- ----------- ----- -------
00000000    00000000    00000890   00000890    r-x
  00000000    00000000    000000c0   000000c0    r-- .intvecs
  000000c0    000000c0    000007a8   000007a8    r-x .text
  00000868    00000868    00000028   00000028    r-- .rodata
20207e00    20207e00    00000200   00000000    rw-
  20207e00    20207e00    00000200   00000000    rw- .stack


SECTION ALLOCATION MAP

 output                                  attributes/
section   page    origin      length       input sections
--------  ----  ----------  ----------   ----------------
.intvecs   0    00000000    000000c0     
                  00000000    000000c0     startup_mspm0g350x_ticlang.o (.intvecs)

.text      0    000000c0    000007a8     
                  000000c0    000000e8     ti_msp_dl_config.o (.text.SYSCFG_DL_SYSCTL_SYSPLL_init)
                  000001a8    000000dc     driverlib.a : dl_sysctl_mspm0g1x0x_g3x0x.o (.text.DL_SYSCTL_configSYSPLL)
                  00000284    00000074     ti_msp_dl_config.o (.text.SYSCFG_DL_SYSCTL_init)
                  000002f8    00000074     libclang_rt.builtins.a : comparedf2.c.obj (.text.__gedf2)
                  0000036c    00000068                            : comparedf2.c.obj (.text.__ledf2)
                  000003d4    00000064     driverlib.a : dl_sysctl_mspm0g1x0x_g3x0x.o (.text.DL_SYSCTL_setHFCLKSourceHFXTParams)
                  00000438    00000062     libclang_rt.builtins.a : aeabi_dcmp.S.obj (.text.__aeabi_dcmp)
                  0000049a    00000002                            : aeabi_div0.c.obj (.text.__aeabi_idiv0)
                  0000049c    00000050     empty.o (.text.main)
                  000004ec    00000044     driverlib.a : dl_sysctl_mspm0g1x0x_g3x0x.o (.text.DL_SYSCTL_switchMCLKfromSYSOSCtoHSCLK)
                  00000530    00000040     libclang_rt.builtins.a : aeabi_uidivmod.S.obj (.text.__aeabi_uidivmod)
                  00000570    0000003c     ti_msp_dl_config.o (.text.SYSCFG_DL_GPIO_init)
                  000005ac    00000034     ti_msp_dl_config.o (.text.SYSCFG_DL_initPower)
                  000005e0    00000028     ti_msp_dl_config.o (.text.DL_Common_updateReg)
                  00000608    00000024     libclang_rt.builtins.a : floatunsidf.S.obj (.text.__floatunsidf)
                  0000062c    00000020     ti_msp_dl_config.o (.text.DL_SYSCTL_setFlashWaitState)
                  0000064c    00000020     libc.a : boot_cortex_m.c.obj (.text:_c_int00_noinit_noargs)
                  0000066c    0000001c     driverlib.a : dl_sysctl_mspm0g1x0x_g3x0x.o (.text.DL_SYSCTL_configFCC)
                  00000688    0000001c     ti_msp_dl_config.o (.text.DL_SYSCTL_setFCCPeriods)
                  000006a4    0000001c     ti_msp_dl_config.o (.text.DL_SYSCTL_setSYSOSCFreq)
                  000006c0    0000001c     ti_msp_dl_config.o (.text.DL_SYSCTL_setULPCLKDivider)
                  000006dc    0000001c     delay.o (.text.delay_ms)
                  000006f8    00000018     ti_msp_dl_config.o (.text.DL_GPIO_enableOutput)
                  00000710    00000018     ti_msp_dl_config.o (.text.DL_GPIO_enablePower)
                  00000728    00000018     ti_msp_dl_config.o (.text.DL_GPIO_initDigitalOutput)
                  00000740    00000018     ti_msp_dl_config.o (.text.DL_GPIO_initPeripheralAnalogFunction)
                  00000758    00000018     ti_msp_dl_config.o (.text.DL_GPIO_reset)
                  00000770    00000018     empty.o (.text.DL_GPIO_setPins)
                  00000788    00000018     ti_msp_dl_config.o (.text.DL_SYSCTL_setBORThreshold)
                  000007a0    00000014     empty.o (.text.DL_GPIO_clearPins)
                  000007b4    00000014     ti_msp_dl_config.o (.text.DL_GPIO_clearPins)
                  000007c8    00000014     ti_msp_dl_config.o (.text.DL_SYSCTL_disableSYSPLL)
                  000007dc    00000014     ti_msp_dl_config.o (.text.DL_SYSCTL_enableSYSPLL)
                  000007f0    00000010     ti_msp_dl_config.o (.text.DL_SYSCTL_disableHFXT)
                  00000800    00000010     ti_msp_dl_config.o (.text.DL_SYSCTL_isFCCDone)
                  00000810    00000010     ti_msp_dl_config.o (.text.DL_SYSCTL_startFCC)
                  00000820    00000010     ti_msp_dl_config.o (.text.SYSCFG_DL_init)
                  00000830    0000000c     ti_msp_dl_config.o (.text.DL_SYSCTL_getClockStatus)
                  0000083c    0000000c     ti_msp_dl_config.o (.text.DL_SYSCTL_readFCC)
                  00000848    0000000a     driverlib.a : dl_common.o (.text.DL_Common_delayCycles)
                  00000852    00000006     libc.a : exit.c.obj (.text:abort)
                  00000858    00000004     startup_mspm0g350x_ticlang.o (.text.Default_Handler)
                  0000085c    00000004     libsysbm.a : hostexit.c.obj (.text.HOSTexit)
                  00000860    00000004     startup_mspm0g350x_ticlang.o (.text.Reset_Handler)
                  00000864    00000004     libc.a : pre_init.c.obj (.text._system_pre_init)

.cinit     0    00000000    00000000     

.rodata    0    00000868    00000028     
                  00000868    00000028     ti_msp_dl_config.o (.rodata.gSYSPLLConfig)

.init_array 
*          0    00000000    00000000     UNINITIALIZED

.binit     0    00000000    00000000     

.stack     0    20207e00    00000200     UNINITIALIZED
                  20207e00    00000004     libc.a : boot_cortex_m.c.obj (.stack)
                  20207e04    000001fc     --HOLE--

__llvm_prf_cnts 
*          0    20200000    00000000     UNINITIALIZED

__llvm_prf_bits 
*          0    20200000    00000000     UNINITIALIZED

MODULE SUMMARY

       Module                         code   ro data   rw data
       ------                         ----   -------   -------
    .\
       ti_msp_dl_config.o             908    40        0      
       startup_mspm0g350x_ticlang.o   8      192       0      
       empty.o                        124    0         0      
       delay.o                        28     0         0      
    +--+------------------------------+------+---------+---------+
       Total:                         1068   232       0      
                                                              
    C:/TI/mspm0_sdk_2_10_00_04/source/ti/driverlib/lib/ticlang/m0p/mspm0g1x0x_g3x0x/driverlib.a
       dl_sysctl_mspm0g1x0x_g3x0x.o   416    0         0      
       dl_common.o                    10     0         0      
    +--+------------------------------+------+---------+---------+
       Total:                         426    0         0      
                                                              
    E:\ti\ccs2050\ccs\tools\compiler\ti-cgt-armllvm_4.0.4.LTS\lib\armv6m-ti-none-eabi/c/libc.a
       boot_cortex_m.c.obj            32     0         0      
       exit.c.obj                     6      0         0      
       pre_init.c.obj                 4      0         0      
    +--+------------------------------+------+---------+---------+
       Total:                         42     0         0      
                                                              
    E:\ti\ccs2050\ccs\tools\compiler\ti-cgt-armllvm_4.0.4.LTS\lib\armv6m-ti-none-eabi/c/libsysbm.a
       hostexit.c.obj                 4      0         0      
    +--+------------------------------+------+---------+---------+
       Total:                         4      0         0      
                                                              
    E:\ti\ccs2050\ccs\tools\compiler\ti-cgt-armllvm_4.0.4.LTS\lib\armv6m-ti-none-eabi/libclang_rt.builtins.a
       comparedf2.c.obj               220    0         0      
       aeabi_dcmp.S.obj               98     0         0      
       aeabi_uidivmod.S.obj           64     0         0      
       floatunsidf.S.obj              36     0         0      
       aeabi_div0.c.obj               2      0         0      
    +--+------------------------------+------+---------+---------+
       Total:                         420    0         0      
                                                              
       Stack:                         0      0         512    
    +--+------------------------------+------+---------+---------+
       Grand Total:                   1960   232       512    


GLOBAL SYMBOLS: SORTED ALPHABETICALLY BY Name 

address   name                                 
-------   ----                                 
00000859  ADC0_IRQHandler                      
00000859  ADC1_IRQHandler                      
00000859  AES_IRQHandler                       
0000085c  C$$EXIT                              
00000859  CANFD0_IRQHandler                    
00000859  DAC0_IRQHandler                      
00000849  DL_Common_delayCycles                
0000066d  DL_SYSCTL_configFCC                  
000001a9  DL_SYSCTL_configSYSPLL               
000003d5  DL_SYSCTL_setHFCLKSourceHFXTParams   
000004ed  DL_SYSCTL_switchMCLKfromSYSOSCtoHSCLK
00000859  DMA_IRQHandler                       
00000859  Default_Handler                      
00000859  GROUP0_IRQHandler                    
00000859  GROUP1_IRQHandler                    
0000085d  HOSTexit                             
00000859  HardFault_Handler                    
00000859  I2C0_IRQHandler                      
00000859  I2C1_IRQHandler                      
00000859  NMI_Handler                          
00000859  PendSV_Handler                       
00000859  RTC_IRQHandler                       
00000861  Reset_Handler                        
00000859  SPI0_IRQHandler                      
00000859  SPI1_IRQHandler                      
00000859  SVC_Handler                          
00000571  SYSCFG_DL_GPIO_init                  
000000c1  SYSCFG_DL_SYSCTL_SYSPLL_init         
00000285  SYSCFG_DL_SYSCTL_init                
00000821  SYSCFG_DL_init                       
000005ad  SYSCFG_DL_initPower                  
00000859  SysTick_Handler                      
00000859  TIMA0_IRQHandler                     
00000859  TIMA1_IRQHandler                     
00000859  TIMG0_IRQHandler                     
00000859  TIMG12_IRQHandler                    
00000859  TIMG6_IRQHandler                     
00000859  TIMG7_IRQHandler                     
00000859  TIMG8_IRQHandler                     
00000859  UART0_IRQHandler                     
00000859  UART1_IRQHandler                     
00000859  UART2_IRQHandler                     
00000859  UART3_IRQHandler                     
20208000  __STACK_END                          
00000200  __STACK_SIZE                         
00000000  __TI_ATRegion0_region_sz             
00000000  __TI_ATRegion0_src_addr              
00000000  __TI_ATRegion0_trg_addr              
00000000  __TI_ATRegion1_region_sz             
00000000  __TI_ATRegion1_src_addr              
00000000  __TI_ATRegion1_trg_addr              
00000000  __TI_ATRegion2_region_sz             
00000000  __TI_ATRegion2_src_addr              
00000000  __TI_ATRegion2_trg_addr              
00000000  __TI_CINIT_Base                      
00000000  __TI_CINIT_Limit                     
00000000  __TI_CINIT_Warm                      
ffffffff  __TI_pprof_out_hndl                  
ffffffff  __TI_prof_data_size                  
ffffffff  __TI_prof_data_start                 
00000000  __TI_static_base__                   
00000439  __aeabi_dcmpeq                       
00000475  __aeabi_dcmpge                       
00000489  __aeabi_dcmpgt                       
00000461  __aeabi_dcmple                       
0000044d  __aeabi_dcmplt                       
0000049b  __aeabi_idiv0                        
00000609  __aeabi_ui2d                         
00000531  __aeabi_uidiv                        
00000531  __aeabi_uidivmod                     
ffffffff  __binit__                            
0000036d  __cmpdf2                             
0000036d  __eqdf2                              
00000609  __floatunsidf                        
000002f9  __gedf2                              
000002f9  __gtdf2                              
0000036d  __ledf2                              
0000036d  __ltdf2                              
UNDEFED   __mpu_init                           
0000036d  __nedf2                              
20207e00  __stack                              
20200000  __start___llvm_prf_bits              
20200000  __start___llvm_prf_cnts              
20200000  __stop___llvm_prf_bits               
20200000  __stop___llvm_prf_cnts               
0000064d  _c_int00_noinit_noargs               
00000865  _system_pre_init                     
00000853  abort                                
ffffffff  binit                                
000006dd  delay_ms                             
00000000  interruptVectors                     
0000049d  main                                 


GLOBAL SYMBOLS: SORTED BY Symbol Address 

address   name                                 
-------   ----                                 
00000000  __TI_ATRegion0_region_sz             
00000000  __TI_ATRegion0_src_addr              
00000000  __TI_ATRegion0_trg_addr              
00000000  __TI_ATRegion1_region_sz             
00000000  __TI_ATRegion1_src_addr              
00000000  __TI_ATRegion1_trg_addr              
00000000  __TI_ATRegion2_region_sz             
00000000  __TI_ATRegion2_src_addr              
00000000  __TI_ATRegion2_trg_addr              
00000000  __TI_CINIT_Base                      
00000000  __TI_CINIT_Limit                     
00000000  __TI_CINIT_Warm                      
00000000  __TI_static_base__                   
00000000  interruptVectors                     
000000c1  SYSCFG_DL_SYSCTL_SYSPLL_init         
000001a9  DL_SYSCTL_configSYSPLL               
00000200  __STACK_SIZE                         
00000285  SYSCFG_DL_SYSCTL_init                
000002f9  __gedf2                              
000002f9  __gtdf2                              
0000036d  __cmpdf2                             
0000036d  __eqdf2                              
0000036d  __ledf2                              
0000036d  __ltdf2                              
0000036d  __nedf2                              
000003d5  DL_SYSCTL_setHFCLKSourceHFXTParams   
00000439  __aeabi_dcmpeq                       
0000044d  __aeabi_dcmplt                       
00000461  __aeabi_dcmple                       
00000475  __aeabi_dcmpge                       
00000489  __aeabi_dcmpgt                       
0000049b  __aeabi_idiv0                        
0000049d  main                                 
000004ed  DL_SYSCTL_switchMCLKfromSYSOSCtoHSCLK
00000531  __aeabi_uidiv                        
00000531  __aeabi_uidivmod                     
00000571  SYSCFG_DL_GPIO_init                  
000005ad  SYSCFG_DL_initPower                  
00000609  __aeabi_ui2d                         
00000609  __floatunsidf                        
0000064d  _c_int00_noinit_noargs               
0000066d  DL_SYSCTL_configFCC                  
000006dd  delay_ms                             
00000821  SYSCFG_DL_init                       
00000849  DL_Common_delayCycles                
00000853  abort                                
00000859  ADC0_IRQHandler                      
00000859  ADC1_IRQHandler                      
00000859  AES_IRQHandler                       
00000859  CANFD0_IRQHandler                    
00000859  DAC0_IRQHandler                      
00000859  DMA_IRQHandler                       
00000859  Default_Handler                      
00000859  GROUP0_IRQHandler                    
00000859  GROUP1_IRQHandler                    
00000859  HardFault_Handler                    
00000859  I2C0_IRQHandler                      
00000859  I2C1_IRQHandler                      
00000859  NMI_Handler                          
00000859  PendSV_Handler                       
00000859  RTC_IRQHandler                       
00000859  SPI0_IRQHandler                      
00000859  SPI1_IRQHandler                      
00000859  SVC_Handler                          
00000859  SysTick_Handler                      
00000859  TIMA0_IRQHandler                     
00000859  TIMA1_IRQHandler                     
00000859  TIMG0_IRQHandler                     
00000859  TIMG12_IRQHandler                    
00000859  TIMG6_IRQHandler                     
00000859  TIMG7_IRQHandler                     
00000859  TIMG8_IRQHandler                     
00000859  UART0_IRQHandler                     
00000859  UART1_IRQHandler                     
00000859  UART2_IRQHandler                     
00000859  UART3_IRQHandler                     
0000085c  C$$EXIT                              
0000085d  HOSTexit                             
00000861  Reset_Handler                        
00000865  _system_pre_init                     
20200000  __start___llvm_prf_bits              
20200000  __start___llvm_prf_cnts              
20200000  __stop___llvm_prf_bits               
20200000  __stop___llvm_prf_cnts               
20207e00  __stack                              
20208000  __STACK_END                          
ffffffff  __TI_pprof_out_hndl                  
ffffffff  __TI_prof_data_size                  
ffffffff  __TI_prof_data_start                 
ffffffff  __binit__                            
ffffffff  binit                                
UNDEFED   __mpu_init                           

[92 symbols]
