******************************************************************************
            TI ARM Clang Linker PC v4.0.4                      
******************************************************************************
>> Linked Tue Apr 14 22:39:18 2026

OUTPUT FILE NAME:   <05_OLED.out>
ENTRY POINT SYMBOL: "_c_int00_noargs"  address: 000028f1


MEMORY CONFIGURATION

         name            origin    length      used     unused   attr    fill
----------------------  --------  ---------  --------  --------  ----  --------
  FLASH                 00000000   00020000  00002d68  0001d298  R  X
  SRAM                  20200000   00008000  00000680  00007980  RW X
  BCR_CONFIG            41c00000   000000ff  00000000  000000ff  R   
  BSL_CONFIG            41c00100   00000080  00000000  00000080  R   


SEGMENT ALLOCATION MAP

run origin  load origin   length   init length attrs members
----------  ----------- ---------- ----------- ----- -------
00000000    00000000    00002d68   00002d68    r-x
  00000000    00000000    000000c0   000000c0    r-- .intvecs
  000000c0    000000c0    00001818   00001818    r-- .rodata
  000018d8    000018d8    00001478   00001478    r-x .text
  00002d50    00002d50    00000018   00000018    r-- .cinit
20200000    20200000    00000480   00000000    rw-
  20200000    20200000    00000480   00000000    rw- .bss
20207e00    20207e00    00000200   00000000    rw-
  20207e00    20207e00    00000200   00000000    rw- .stack


SECTION ALLOCATION MAP

 output                                  attributes/
section   page    origin      length       input sections
--------  ----  ----------  ----------   ----------------
.intvecs   0    00000000    000000c0     
                  00000000    000000c0     startup_mspm0g350x_ticlang.o (.intvecs)

.text      0    000018d8    00001478     
                  000018d8    00000284     libc.a : _printfi.c.obj (.text:__TI_printfi_minimal)
                  00001b5c    00000158     oled.o (.text.OLED_ShowChar)
                  00001cb4    000000f8     oled.o (.text.OLED_Init)
                  00001dac    000000e8     ti_msp_dl_config.o (.text.SYSCFG_DL_SYSCTL_SYSPLL_init)
                  00001e94    000000dc     driverlib.a : dl_sysctl_mspm0g1x0x_g3x0x.o (.text.DL_SYSCTL_configSYSPLL)
                  00001f70    000000a4     empty.o (.text.main)
                  00002014    00000098     oled.o (.text.OLED_ShowString)
                  000020ac    0000007c     oled.o (.text.OLED_Refresh)
                  00002128    00000078     ti_msp_dl_config.o (.text.SYSCFG_DL_GPIO_init)
                  000021a0    00000074     oled.o (.text.OLED_WR_Byte)
                  00002214    00000074     ti_msp_dl_config.o (.text.SYSCFG_DL_SYSCTL_init)
                  00002288    00000074     libclang_rt.builtins.a : comparedf2.c.obj (.text.__gedf2)
                  000022fc    00000068                            : comparedf2.c.obj (.text.__ledf2)
                  00002364    00000064     driverlib.a : dl_sysctl_mspm0g1x0x_g3x0x.o (.text.DL_SYSCTL_setHFCLKSourceHFXTParams)
                  000023c8    00000064     oled.o (.text.OLED_ClearPoint)
                  0000242c    00000062     libclang_rt.builtins.a : aeabi_dcmp.S.obj (.text.__aeabi_dcmp)
                  0000248e    00000002                            : aeabi_div0.c.obj (.text.__aeabi_idiv0)
                  00002490    00000060     oled.o (.text.OLED_Clear)
                  000024f0    00000060     ti_msp_dl_config.o (.text.SYSCFG_DL_OLED_init)
                  00002550    0000005e     driverlib.a : dl_i2c.o (.text.DL_I2C_fillControllerTXFIFO)
                  000025ae    00000002     --HOLE-- [fill = 0]
                  000025b0    00000050     ti_msp_dl_config.o (.text.DL_GPIO_initPeripheralInputFunctionFeatures)
                  00002600    00000050     oled.o (.text.DL_I2C_startControllerTransfer)
                  00002650    00000048     oled.o (.text.OLED_DisplayTurn)
                  00002698    00000048     oled.o (.text.OLED_DrawPoint)
                  000026e0    00000044     driverlib.a : dl_sysctl_mspm0g1x0x_g3x0x.o (.text.DL_SYSCTL_switchMCLKfromSYSOSCtoHSCLK)
                  00002724    00000044     ti_msp_dl_config.o (.text.SYSCFG_DL_initPower)
                  00002768    00000040     libclang_rt.builtins.a : aeabi_uidivmod.S.obj (.text.__aeabi_uidivmod)
                  000027a8    0000003c     libc.a : autoinit.c.obj (.text:__TI_auto_init_nobinit_nopinit)
                  000027e4    00000038            : sprintf.c.obj (.text.sprintf)
                  0000281c    00000034     oled.o (.text.OLED_ColorTurn)
                  00002850    00000028     oled.o (.text.DL_Common_updateReg)
                  00002878    00000028     ti_msp_dl_config.o (.text.DL_Common_updateReg)
                  000028a0    00000028     ti_msp_dl_config.o (.text.DL_I2C_setControllerRXFIFOThreshold)
                  000028c8    00000028     ti_msp_dl_config.o (.text.DL_I2C_setControllerTXFIFOThreshold)
                  000028f0    00000028     libc.a : boot_cortex_m.c.obj (.text:_c_int00_noargs)
                  00002918    00000026     ti_msp_dl_config.o (.text.DL_I2C_setAnalogGlitchFilterPulseWidth)
                  0000293e    00000026     driverlib.a : dl_i2c.o (.text.DL_I2C_setClockConfig)
                  00002964    00000024     ti_msp_dl_config.o (.text.DL_I2C_setDigitalGlitchFilterPulseWidth)
                  00002988    00000024     libclang_rt.builtins.a : floatunsidf.S.obj (.text.__floatunsidf)
                  000029ac    00000022     libc.a : memccpy.c.obj (.text.memccpy)
                  000029ce    00000002     --HOLE-- [fill = 0]
                  000029d0    00000020     ti_msp_dl_config.o (.text.DL_SYSCTL_setFlashWaitState)
                  000029f0    0000001c     ti_msp_dl_config.o (.text.DL_GPIO_enableHiZ)
                  00002a0c    0000001c     driverlib.a : dl_sysctl_mspm0g1x0x_g3x0x.o (.text.DL_SYSCTL_configFCC)
                  00002a28    0000001c     ti_msp_dl_config.o (.text.DL_SYSCTL_setFCCPeriods)
                  00002a44    0000001c     ti_msp_dl_config.o (.text.DL_SYSCTL_setSYSOSCFreq)
                  00002a60    0000001c     ti_msp_dl_config.o (.text.DL_SYSCTL_setULPCLKDivider)
                  00002a7c    0000001c     delay.o (.text.delay_ms)
                  00002a98    00000018     ti_msp_dl_config.o (.text.DL_GPIO_enableOutput)
                  00002ab0    00000018     ti_msp_dl_config.o (.text.DL_GPIO_enablePower)
                  00002ac8    00000018     ti_msp_dl_config.o (.text.DL_GPIO_initDigitalOutput)
                  00002ae0    00000018     ti_msp_dl_config.o (.text.DL_GPIO_initPeripheralAnalogFunction)
                  00002af8    00000018     ti_msp_dl_config.o (.text.DL_GPIO_reset)
                  00002b10    00000018     empty.o (.text.DL_GPIO_setPins)
                  00002b28    00000018     ti_msp_dl_config.o (.text.DL_I2C_enableAnalogGlitchFilter)
                  00002b40    00000018     ti_msp_dl_config.o (.text.DL_I2C_enableController)
                  00002b58    00000018     ti_msp_dl_config.o (.text.DL_I2C_enableControllerClockStretching)
                  00002b70    00000018     ti_msp_dl_config.o (.text.DL_I2C_enablePower)
                  00002b88    00000018     ti_msp_dl_config.o (.text.DL_I2C_reset)
                  00002ba0    00000018     ti_msp_dl_config.o (.text.DL_I2C_setTimerPeriod)
                  00002bb8    00000018     ti_msp_dl_config.o (.text.DL_SYSCTL_setBORThreshold)
                  00002bd0    00000018     libc.a : sprintf.c.obj (.text._outs)
                  00002be8    00000014     empty.o (.text.DL_GPIO_clearPins)
                  00002bfc    00000014     ti_msp_dl_config.o (.text.DL_GPIO_clearPins)
                  00002c10    00000014     oled.o (.text.DL_I2C_getControllerStatus)
                  00002c24    00000014     ti_msp_dl_config.o (.text.DL_I2C_resetControllerTransfer)
                  00002c38    00000014     ti_msp_dl_config.o (.text.DL_SYSCTL_disableSYSPLL)
                  00002c4c    00000014     ti_msp_dl_config.o (.text.DL_SYSCTL_enableSYSPLL)
                  00002c60    00000014     ti_msp_dl_config.o (.text.SYSCFG_DL_init)
                  00002c74    00000012     libc.a : memcpy16.S.obj (.text:TI_memcpy_small)
                  00002c86    00000002     --HOLE-- [fill = 0]
                  00002c88    00000010     ti_msp_dl_config.o (.text.DL_SYSCTL_disableHFXT)
                  00002c98    00000010     ti_msp_dl_config.o (.text.DL_SYSCTL_isFCCDone)
                  00002ca8    00000010     ti_msp_dl_config.o (.text.DL_SYSCTL_startFCC)
                  00002cb8    00000010     libc.a : copy_zero_init.c.obj (.text:decompress:ZI)
                  00002cc8    0000000e     libclang_rt.builtins.a : aeabi_memset.S.obj (.text.__aeabi_memset)
                  00002cd6    0000000e     libc.a : _printfi.c.obj (.text.strlen)
                  00002ce4    0000000e            : memset16.S.obj (.text:TI_memset_small)
                  00002cf2    00000002     --HOLE-- [fill = 0]
                  00002cf4    0000000c     ti_msp_dl_config.o (.text.DL_SYSCTL_getClockStatus)
                  00002d00    0000000c     ti_msp_dl_config.o (.text.DL_SYSCTL_readFCC)
                  00002d0c    0000000c     libclang_rt.builtins.a : aeabi_memset.S.obj (.text.__aeabi_memclr)
                  00002d18    0000000a     driverlib.a : dl_common.o (.text.DL_Common_delayCycles)
                  00002d22    0000000a     libc.a : sprintf.c.obj (.text._outc)
                  00002d2c    00000008     libclang_rt.builtins.a : aeabi_memcpy.S.obj (.text.__aeabi_memcpy)
                  00002d34    00000006     libc.a : exit.c.obj (.text:abort)
                  00002d3a    00000004     startup_mspm0g350x_ticlang.o (.text.Default_Handler)
                  00002d3e    00000004     libsysbm.a : hostexit.c.obj (.text.HOSTexit)
                  00002d42    00000004     startup_mspm0g350x_ticlang.o (.text.Reset_Handler)
                  00002d46    00000004     libc.a : pre_init.c.obj (.text._system_pre_init)
                  00002d4a    00000006     --HOLE-- [fill = 0]

.cinit     0    00002d50    00000018     
                  00002d50    00000008     (.cinit..bss.load) [load image, compression = zero_init]
                  00002d58    00000004     (__TI_handler_table)
                  00002d5c    00000008     (__TI_cinit_table)
                  00002d64    00000004     --HOLE-- [fill = 0]

.rodata    0    000000c0    00001818     
                  000000c0    00000d5c     oled.o (.rodata.asc2_2412)
                  00000e1c    000005f0     oled.o (.rodata.asc2_1608)
                  0000140c    00000474     oled.o (.rodata.asc2_1206)
                  00001880    00000028     ti_msp_dl_config.o (.rodata.gSYSPLLConfig)
                  000018a8    00000011     libc.a : _printfi.c.obj (.rodata.str1.15363888844622738466.1)
                  000018b9    0000000c     empty.o (.rodata.str1.9517790425240694019.1)
                  000018c5    0000000b     empty.o (.rodata.str1.254342170260855183.1)
                  000018d0    00000002     ti_msp_dl_config.o (.rodata.gOLEDClockConfig)
                  000018d2    00000006     --HOLE-- [fill = 0]

.init_array 
*          0    00000000    00000000     UNINITIALIZED

.binit     0    00000000    00000000     

.bss       0    20200000    00000480     UNINITIALIZED
                  20200000    00000480     (.common:OLED_GRAM)

.stack     0    20207e00    00000200     UNINITIALIZED
                  20207e00    00000004     libc.a : boot_cortex_m.c.obj (.stack)
                  20207e04    000001fc     --HOLE--

__llvm_prf_cnts 
*          0    20200000    00000000     UNINITIALIZED

__llvm_prf_bits 
*          0    20200000    00000000     UNINITIALIZED

MODULE SUMMARY

       Module                         code   ro data   rw data
       ------                         ----   -------   -------
    .\
       oled.o                         1516   6080      1152   
       ti_msp_dl_config.o             1510   42        0      
       empty.o                        208    23        0      
       startup_mspm0g350x_ticlang.o   8      192       0      
       delay.o                        28     0         0      
    +--+------------------------------+------+---------+---------+
       Total:                         3270   6337      1152   
                                                              
    C:/TI/mspm0_sdk_2_10_00_04/source/ti/driverlib/lib/ticlang/m0p/mspm0g1x0x_g3x0x/driverlib.a
       dl_sysctl_mspm0g1x0x_g3x0x.o   416    0         0      
       dl_i2c.o                       132    0         0      
       dl_common.o                    10     0         0      
    +--+------------------------------+------+---------+---------+
       Total:                         558    0         0      
                                                              
    E:\ti\ccs2050\ccs\tools\compiler\ti-cgt-armllvm_4.0.4.LTS\lib\armv6m-ti-none-eabi/c/libc.a
       _printfi.c.obj                 658    17        0      
       sprintf.c.obj                  90     0         0      
       autoinit.c.obj                 60     0         0      
       boot_cortex_m.c.obj            40     0         0      
       memccpy.c.obj                  34     0         0      
       memcpy16.S.obj                 18     0         0      
       copy_zero_init.c.obj           16     0         0      
       memset16.S.obj                 14     0         0      
       exit.c.obj                     6      0         0      
       pre_init.c.obj                 4      0         0      
    +--+------------------------------+------+---------+---------+
       Total:                         940    17        0      
                                                              
    E:\ti\ccs2050\ccs\tools\compiler\ti-cgt-armllvm_4.0.4.LTS\lib\armv6m-ti-none-eabi/c/libsysbm.a
       hostexit.c.obj                 4      0         0      
    +--+------------------------------+------+---------+---------+
       Total:                         4      0         0      
                                                              
    E:\ti\ccs2050\ccs\tools\compiler\ti-cgt-armllvm_4.0.4.LTS\lib\armv6m-ti-none-eabi/libclang_rt.builtins.a
       comparedf2.c.obj               220    0         0      
       aeabi_dcmp.S.obj               98     0         0      
       aeabi_uidivmod.S.obj           64     0         0      
       floatunsidf.S.obj              36     0         0      
       aeabi_memset.S.obj             26     0         0      
       aeabi_memcpy.S.obj             8      0         0      
       aeabi_div0.c.obj               2      0         0      
    +--+------------------------------+------+---------+---------+
       Total:                         454    0         0      
                                                              
       Stack:                         0      0         512    
       Linker Generated:              0      20        0      
    +--+------------------------------+------+---------+---------+
       Grand Total:                   5226   6374      1664   


LINKER GENERATED COPY TABLES

__TI_cinit_table @ 00002d5c records: 1, size/record: 8, table size: 8
	.bss: load addr=00002d50, load size=00000008 bytes, run addr=20200000, run size=00000480 bytes, compression=zero_init


LINKER GENERATED HANDLER TABLE

__TI_handler_table @ 00002d58 records: 1, size/record: 4, table size: 4
	index: 0, handler: __TI_zero_init


GLOBAL SYMBOLS: SORTED ALPHABETICALLY BY Name 

address   name                                 
-------   ----                                 
00002d3b  ADC0_IRQHandler                      
00002d3b  ADC1_IRQHandler                      
00002d3b  AES_IRQHandler                       
00002d3e  C$$EXIT                              
00002d3b  CANFD0_IRQHandler                    
00002d3b  DAC0_IRQHandler                      
00002d19  DL_Common_delayCycles                
00002551  DL_I2C_fillControllerTXFIFO          
0000293f  DL_I2C_setClockConfig                
00002a0d  DL_SYSCTL_configFCC                  
00001e95  DL_SYSCTL_configSYSPLL               
00002365  DL_SYSCTL_setHFCLKSourceHFXTParams   
000026e1  DL_SYSCTL_switchMCLKfromSYSOSCtoHSCLK
00002d3b  DMA_IRQHandler                       
00002d3b  Default_Handler                      
00002d3b  GROUP0_IRQHandler                    
00002d3b  GROUP1_IRQHandler                    
00002d3f  HOSTexit                             
00002d3b  HardFault_Handler                    
00002d3b  I2C0_IRQHandler                      
00002d3b  I2C1_IRQHandler                      
00002d3b  NMI_Handler                          
00002491  OLED_Clear                           
000023c9  OLED_ClearPoint                      
0000281d  OLED_ColorTurn                       
00002651  OLED_DisplayTurn                     
00002699  OLED_DrawPoint                       
20200000  OLED_GRAM                            
00001cb5  OLED_Init                            
000020ad  OLED_Refresh                         
00001b5d  OLED_ShowChar                        
00002015  OLED_ShowString                      
000021a1  OLED_WR_Byte                         
00002d3b  PendSV_Handler                       
00002d3b  RTC_IRQHandler                       
00002d43  Reset_Handler                        
00002d3b  SPI0_IRQHandler                      
00002d3b  SPI1_IRQHandler                      
00002d3b  SVC_Handler                          
00002129  SYSCFG_DL_GPIO_init                  
000024f1  SYSCFG_DL_OLED_init                  
00001dad  SYSCFG_DL_SYSCTL_SYSPLL_init         
00002215  SYSCFG_DL_SYSCTL_init                
00002c61  SYSCFG_DL_init                       
00002725  SYSCFG_DL_initPower                  
00002d3b  SysTick_Handler                      
00002d3b  TIMA0_IRQHandler                     
00002d3b  TIMA1_IRQHandler                     
00002d3b  TIMG0_IRQHandler                     
00002d3b  TIMG12_IRQHandler                    
00002d3b  TIMG6_IRQHandler                     
00002d3b  TIMG7_IRQHandler                     
00002d3b  TIMG8_IRQHandler                     
00002c75  TI_memcpy_small                      
00002ce5  TI_memset_small                      
00002d3b  UART0_IRQHandler                     
00002d3b  UART1_IRQHandler                     
00002d3b  UART2_IRQHandler                     
00002d3b  UART3_IRQHandler                     
20208000  __STACK_END                          
00000200  __STACK_SIZE                         
00000000  __TI_ATRegion0_region_sz             
00000000  __TI_ATRegion0_src_addr              
00000000  __TI_ATRegion0_trg_addr              
00000000  __TI_ATRegion1_region_sz             
00000000  __TI_ATRegion1_src_addr              
00000000  __TI_ATRegion1_trg_addr              
00000000  __TI_ATRegion2_region_sz             
00000000  __TI_ATRegion2_src_addr              
00000000  __TI_ATRegion2_trg_addr              
00002d5c  __TI_CINIT_Base                      
00002d64  __TI_CINIT_Limit                     
00002d64  __TI_CINIT_Warm                      
00002d58  __TI_Handler_Table_Base              
00002d5c  __TI_Handler_Table_Limit             
000027a9  __TI_auto_init_nobinit_nopinit       
ffffffff  __TI_pprof_out_hndl                  
000018d9  __TI_printfi_minimal                 
ffffffff  __TI_prof_data_size                  
ffffffff  __TI_prof_data_start                 
00000000  __TI_static_base__                   
00002cb9  __TI_zero_init                       
0000242d  __aeabi_dcmpeq                       
00002469  __aeabi_dcmpge                       
0000247d  __aeabi_dcmpgt                       
00002455  __aeabi_dcmple                       
00002441  __aeabi_dcmplt                       
0000248f  __aeabi_idiv0                        
00002d0d  __aeabi_memclr                       
00002d0d  __aeabi_memclr4                      
00002d0d  __aeabi_memclr8                      
00002d2d  __aeabi_memcpy                       
00002d2d  __aeabi_memcpy4                      
00002d2d  __aeabi_memcpy8                      
00002cc9  __aeabi_memset                       
00002cc9  __aeabi_memset4                      
00002cc9  __aeabi_memset8                      
00002989  __aeabi_ui2d                         
00002769  __aeabi_uidiv                        
00002769  __aeabi_uidivmod                     
ffffffff  __binit__                            
000022fd  __cmpdf2                             
000022fd  __eqdf2                              
00002989  __floatunsidf                        
00002289  __gedf2                              
00002289  __gtdf2                              
000022fd  __ledf2                              
000022fd  __ltdf2                              
UNDEFED   __mpu_init                           
000022fd  __nedf2                              
20207e00  __stack                              
20200000  __start___llvm_prf_bits              
20200000  __start___llvm_prf_cnts              
20200000  __stop___llvm_prf_bits               
20200000  __stop___llvm_prf_cnts               
000028f1  _c_int00_noargs                      
UNDEFED   _system_post_cinit                   
00002d47  _system_pre_init                     
00002d35  abort                                
0000140c  asc2_1206                            
00000e1c  asc2_1608                            
000000c0  asc2_2412                            
ffffffff  binit                                
00002a7d  delay_ms                             
00000000  interruptVectors                     
00001f71  main                                 
000029ad  memccpy                              
000027e5  sprintf                              


GLOBAL SYMBOLS: SORTED BY Symbol Address 

address   name                                 
-------   ----                                 
00000000  __TI_ATRegion0_region_sz             
00000000  __TI_ATRegion0_src_addr              
00000000  __TI_ATRegion0_trg_addr              
00000000  __TI_ATRegion1_region_sz             
00000000  __TI_ATRegion1_src_addr              
00000000  __TI_ATRegion1_trg_addr              
00000000  __TI_ATRegion2_region_sz             
00000000  __TI_ATRegion2_src_addr              
00000000  __TI_ATRegion2_trg_addr              
00000000  __TI_static_base__                   
00000000  interruptVectors                     
000000c0  asc2_2412                            
00000200  __STACK_SIZE                         
00000e1c  asc2_1608                            
0000140c  asc2_1206                            
000018d9  __TI_printfi_minimal                 
00001b5d  OLED_ShowChar                        
00001cb5  OLED_Init                            
00001dad  SYSCFG_DL_SYSCTL_SYSPLL_init         
00001e95  DL_SYSCTL_configSYSPLL               
00001f71  main                                 
00002015  OLED_ShowString                      
000020ad  OLED_Refresh                         
00002129  SYSCFG_DL_GPIO_init                  
000021a1  OLED_WR_Byte                         
00002215  SYSCFG_DL_SYSCTL_init                
00002289  __gedf2                              
00002289  __gtdf2                              
000022fd  __cmpdf2                             
000022fd  __eqdf2                              
000022fd  __ledf2                              
000022fd  __ltdf2                              
000022fd  __nedf2                              
00002365  DL_SYSCTL_setHFCLKSourceHFXTParams   
000023c9  OLED_ClearPoint                      
0000242d  __aeabi_dcmpeq                       
00002441  __aeabi_dcmplt                       
00002455  __aeabi_dcmple                       
00002469  __aeabi_dcmpge                       
0000247d  __aeabi_dcmpgt                       
0000248f  __aeabi_idiv0                        
00002491  OLED_Clear                           
000024f1  SYSCFG_DL_OLED_init                  
00002551  DL_I2C_fillControllerTXFIFO          
00002651  OLED_DisplayTurn                     
00002699  OLED_DrawPoint                       
000026e1  DL_SYSCTL_switchMCLKfromSYSOSCtoHSCLK
00002725  SYSCFG_DL_initPower                  
00002769  __aeabi_uidiv                        
00002769  __aeabi_uidivmod                     
000027a9  __TI_auto_init_nobinit_nopinit       
000027e5  sprintf                              
0000281d  OLED_ColorTurn                       
000028f1  _c_int00_noargs                      
0000293f  DL_I2C_setClockConfig                
00002989  __aeabi_ui2d                         
00002989  __floatunsidf                        
000029ad  memccpy                              
00002a0d  DL_SYSCTL_configFCC                  
00002a7d  delay_ms                             
00002c61  SYSCFG_DL_init                       
00002c75  TI_memcpy_small                      
00002cb9  __TI_zero_init                       
00002cc9  __aeabi_memset                       
00002cc9  __aeabi_memset4                      
00002cc9  __aeabi_memset8                      
00002ce5  TI_memset_small                      
00002d0d  __aeabi_memclr                       
00002d0d  __aeabi_memclr4                      
00002d0d  __aeabi_memclr8                      
00002d19  DL_Common_delayCycles                
00002d2d  __aeabi_memcpy                       
00002d2d  __aeabi_memcpy4                      
00002d2d  __aeabi_memcpy8                      
00002d35  abort                                
00002d3b  ADC0_IRQHandler                      
00002d3b  ADC1_IRQHandler                      
00002d3b  AES_IRQHandler                       
00002d3b  CANFD0_IRQHandler                    
00002d3b  DAC0_IRQHandler                      
00002d3b  DMA_IRQHandler                       
00002d3b  Default_Handler                      
00002d3b  GROUP0_IRQHandler                    
00002d3b  GROUP1_IRQHandler                    
00002d3b  HardFault_Handler                    
00002d3b  I2C0_IRQHandler                      
00002d3b  I2C1_IRQHandler                      
00002d3b  NMI_Handler                          
00002d3b  PendSV_Handler                       
00002d3b  RTC_IRQHandler                       
00002d3b  SPI0_IRQHandler                      
00002d3b  SPI1_IRQHandler                      
00002d3b  SVC_Handler                          
00002d3b  SysTick_Handler                      
00002d3b  TIMA0_IRQHandler                     
00002d3b  TIMA1_IRQHandler                     
00002d3b  TIMG0_IRQHandler                     
00002d3b  TIMG12_IRQHandler                    
00002d3b  TIMG6_IRQHandler                     
00002d3b  TIMG7_IRQHandler                     
00002d3b  TIMG8_IRQHandler                     
00002d3b  UART0_IRQHandler                     
00002d3b  UART1_IRQHandler                     
00002d3b  UART2_IRQHandler                     
00002d3b  UART3_IRQHandler                     
00002d3e  C$$EXIT                              
00002d3f  HOSTexit                             
00002d43  Reset_Handler                        
00002d47  _system_pre_init                     
00002d58  __TI_Handler_Table_Base              
00002d5c  __TI_CINIT_Base                      
00002d5c  __TI_Handler_Table_Limit             
00002d64  __TI_CINIT_Limit                     
00002d64  __TI_CINIT_Warm                      
20200000  OLED_GRAM                            
20200000  __start___llvm_prf_bits              
20200000  __start___llvm_prf_cnts              
20200000  __stop___llvm_prf_bits               
20200000  __stop___llvm_prf_cnts               
20207e00  __stack                              
20208000  __STACK_END                          
ffffffff  __TI_pprof_out_hndl                  
ffffffff  __TI_prof_data_size                  
ffffffff  __TI_prof_data_start                 
ffffffff  __binit__                            
ffffffff  binit                                
UNDEFED   __mpu_init                           
UNDEFED   _system_post_cinit                   

[128 symbols]
