******************************************************************************
            TI ARM Clang Linker PC v4.0.4                      
******************************************************************************
>> Linked Sat Apr 18 17:56:50 2026

OUTPUT FILE NAME:   <06_uart.out>
ENTRY POINT SYMBOL: "_c_int00_noargs"  address: 00000d19


MEMORY CONFIGURATION

         name            origin    length      used     unused   attr    fill
----------------------  --------  ---------  --------  --------  ----  --------
  FLASH                 00000000   00020000  00001270  0001ed90  R  X
  SRAM                  20200000   00008000  00000680  00007980  RW X
  BCR_CONFIG            41c00000   000000ff  00000000  000000ff  R   
  BSL_CONFIG            41c00100   00000080  00000000  00000080  R   


SEGMENT ALLOCATION MAP

run origin  load origin   length   init length attrs members
----------  ----------- ---------- ----------- ----- -------
00000000    00000000    00001270   00001270    r-x
  00000000    00000000    000000c0   000000c0    r-- .intvecs
  000000c0    000000c0    00001150   00001150    r-x .text
  00001210    00001210    00000048   00000048    r-- .rodata
  00001258    00001258    00000018   00000018    r-- .cinit
20200000    20200000    00000480   00000000    rw-
  20200000    20200000    00000480   00000000    rw- .bss
20207e00    20207e00    00000200   00000000    rw-
  20207e00    20207e00    00000200   00000000    rw- .stack


SECTION ALLOCATION MAP

 output                                  attributes/
section   page    origin      length       input sections
--------  ----  ----------  ----------   ----------------
.intvecs   0    00000000    000000c0     
                  00000000    000000c0     startup_mspm0g350x_ticlang.o (.intvecs)

.text      0    000000c0    00001150     
                  000000c0    000000f8     oled.o (.text.OLED_Init)
                  000001b8    000000e8     ti_msp_dl_config.o (.text.SYSCFG_DL_SYSCTL_SYSPLL_init)
                  000002a0    000000dc     driverlib.a : dl_sysctl_mspm0g1x0x_g3x0x.o (.text.DL_SYSCTL_configSYSPLL)
                  0000037c    0000008c     ti_msp_dl_config.o (.text.SYSCFG_DL_GPIO_init)
                  00000408    0000007c     oled.o (.text.OLED_Refresh)
                  00000484    0000007c     main.o (.text.main)
                  00000500    00000074     oled.o (.text.OLED_WR_Byte)
                  00000574    00000074     ti_msp_dl_config.o (.text.SYSCFG_DL_SYSCTL_init)
                  000005e8    00000074     libclang_rt.builtins.a : comparedf2.c.obj (.text.__gedf2)
                  0000065c    00000068                            : comparedf2.c.obj (.text.__ledf2)
                  000006c4    00000064     driverlib.a : dl_sysctl_mspm0g1x0x_g3x0x.o (.text.DL_SYSCTL_setHFCLKSourceHFXTParams)
                  00000728    00000062     libclang_rt.builtins.a : aeabi_dcmp.S.obj (.text.__aeabi_dcmp)
                  0000078a    00000002                            : aeabi_div0.c.obj (.text.__aeabi_idiv0)
                  0000078c    00000060     oled.o (.text.OLED_Clear)
                  000007ec    00000060     ti_msp_dl_config.o (.text.SYSCFG_DL_OLED_init)
                  0000084c    0000005e     driverlib.a : dl_i2c.o (.text.DL_I2C_fillControllerTXFIFO)
                  000008aa    00000002     --HOLE-- [fill = 0]
                  000008ac    00000058     ti_msp_dl_config.o (.text.SYSCFG_DL_initPower)
                  00000904    00000050     ti_msp_dl_config.o (.text.DL_GPIO_initPeripheralInputFunctionFeatures)
                  00000954    00000050     oled.o (.text.DL_I2C_startControllerTransfer)
                  000009a4    0000004c     ti_msp_dl_config.o (.text.DL_UART_setBaudRateDivisor)
                  000009f0    00000048     driverlib.a : dl_uart.o (.text.DL_UART_init)
                  00000a38    00000048     oled.o (.text.OLED_DisplayTurn)
                  00000a80    00000048     ti_msp_dl_config.o (.text.SYSCFG_DL_PRINT_init)
                  00000ac8    00000044     driverlib.a : dl_sysctl_mspm0g1x0x_g3x0x.o (.text.DL_SYSCTL_switchMCLKfromSYSOSCtoHSCLK)
                  00000b0c    00000040     libclang_rt.builtins.a : aeabi_uidivmod.S.obj (.text.__aeabi_uidivmod)
                  00000b4c    0000003c     libc.a : autoinit.c.obj (.text:__TI_auto_init_nobinit_nopinit)
                  00000b88    00000034     oled.o (.text.OLED_ColorTurn)
                  00000bbc    00000034     uart.o (.text.UART0_IRQHandler)
                  00000bf0    00000030     driverlib.a : dl_uart.o (.text.DL_UART_transmitDataBlocking)
                  00000c20    0000002c     main.o (.text.__NVIC_EnableIRQ)
                  00000c4c    0000002a     uart.o (.text.UART_send_string)
                  00000c76    00000028     oled.o (.text.DL_Common_updateReg)
                  00000c9e    00000028     ti_msp_dl_config.o (.text.DL_Common_updateReg)
                  00000cc6    00000002     --HOLE-- [fill = 0]
                  00000cc8    00000028     ti_msp_dl_config.o (.text.DL_I2C_setControllerRXFIFOThreshold)
                  00000cf0    00000028     ti_msp_dl_config.o (.text.DL_I2C_setControllerTXFIFOThreshold)
                  00000d18    00000028     libc.a : boot_cortex_m.c.obj (.text:_c_int00_noargs)
                  00000d40    00000026     ti_msp_dl_config.o (.text.DL_I2C_setAnalogGlitchFilterPulseWidth)
                  00000d66    00000026     driverlib.a : dl_i2c.o (.text.DL_I2C_setClockConfig)
                  00000d8c    00000024     ti_msp_dl_config.o (.text.DL_I2C_setDigitalGlitchFilterPulseWidth)
                  00000db0    00000024     libclang_rt.builtins.a : floatunsidf.S.obj (.text.__floatunsidf)
                  00000dd4    00000020     ti_msp_dl_config.o (.text.DL_GPIO_initPeripheralInputFunction)
                  00000df4    00000020     ti_msp_dl_config.o (.text.DL_SYSCTL_setFlashWaitState)
                  00000e14    0000001e     ti_msp_dl_config.o (.text.DL_UART_setOversampling)
                  00000e32    00000002     --HOLE-- [fill = 0]
                  00000e34    0000001c     ti_msp_dl_config.o (.text.DL_GPIO_enableHiZ)
                  00000e50    0000001c     ti_msp_dl_config.o (.text.DL_GPIO_initPeripheralOutputFunction)
                  00000e6c    0000001c     driverlib.a : dl_sysctl_mspm0g1x0x_g3x0x.o (.text.DL_SYSCTL_configFCC)
                  00000e88    0000001c     ti_msp_dl_config.o (.text.DL_SYSCTL_setFCCPeriods)
                  00000ea4    0000001c     ti_msp_dl_config.o (.text.DL_SYSCTL_setSYSOSCFreq)
                  00000ec0    0000001c     ti_msp_dl_config.o (.text.DL_SYSCTL_setULPCLKDivider)
                  00000edc    0000001c     ti_msp_dl_config.o (.text.DL_UART_enableInterrupt)
                  00000ef8    0000001c     uart.o (.text.UART_send_char)
                  00000f14    0000001c     delay.o (.text.delay_ms)
                  00000f30    00000018     ti_msp_dl_config.o (.text.DL_GPIO_enableOutput)
                  00000f48    00000018     ti_msp_dl_config.o (.text.DL_GPIO_enablePower)
                  00000f60    00000018     ti_msp_dl_config.o (.text.DL_GPIO_initDigitalOutput)
                  00000f78    00000018     ti_msp_dl_config.o (.text.DL_GPIO_initPeripheralAnalogFunction)
                  00000f90    00000018     ti_msp_dl_config.o (.text.DL_GPIO_reset)
                  00000fa8    00000018     main.o (.text.DL_GPIO_setPins)
                  00000fc0    00000018     ti_msp_dl_config.o (.text.DL_I2C_enableAnalogGlitchFilter)
                  00000fd8    00000018     ti_msp_dl_config.o (.text.DL_I2C_enableController)
                  00000ff0    00000018     ti_msp_dl_config.o (.text.DL_I2C_enableControllerClockStretching)
                  00001008    00000018     ti_msp_dl_config.o (.text.DL_I2C_enablePower)
                  00001020    00000018     ti_msp_dl_config.o (.text.DL_I2C_reset)
                  00001038    00000018     ti_msp_dl_config.o (.text.DL_I2C_setTimerPeriod)
                  00001050    00000018     ti_msp_dl_config.o (.text.DL_SYSCTL_setBORThreshold)
                  00001068    00000018     ti_msp_dl_config.o (.text.DL_UART_enablePower)
                  00001080    00000018     ti_msp_dl_config.o (.text.DL_UART_reset)
                  00001098    00000018     ti_msp_dl_config.o (.text.SYSCFG_DL_init)
                  000010b0    00000016     ti_msp_dl_config.o (.text.DL_UART_enable)
                  000010c6    00000014     main.o (.text.DL_GPIO_clearPins)
                  000010da    00000014     ti_msp_dl_config.o (.text.DL_GPIO_clearPins)
                  000010ee    00000002     --HOLE-- [fill = 0]
                  000010f0    00000014     oled.o (.text.DL_I2C_getControllerStatus)
                  00001104    00000014     ti_msp_dl_config.o (.text.DL_I2C_resetControllerTransfer)
                  00001118    00000014     ti_msp_dl_config.o (.text.DL_SYSCTL_disableSYSPLL)
                  0000112c    00000014     ti_msp_dl_config.o (.text.DL_SYSCTL_enableSYSPLL)
                  00001140    00000014     uart.o (.text.DL_UART_receiveData)
                  00001154    00000012     uart.o (.text.DL_UART_getPendingInterrupt)
                  00001166    00000012     driverlib.a : dl_uart.o (.text.DL_UART_setClockConfig)
                  00001178    00000010     ti_msp_dl_config.o (.text.DL_SYSCTL_disableHFXT)
                  00001188    00000010     ti_msp_dl_config.o (.text.DL_SYSCTL_isFCCDone)
                  00001198    00000010     ti_msp_dl_config.o (.text.DL_SYSCTL_startFCC)
                  000011a8    00000010     libc.a : copy_zero_init.c.obj (.text:decompress:ZI)
                  000011b8    0000000e            : memset16.S.obj (.text:TI_memset_small)
                  000011c6    00000002     --HOLE-- [fill = 0]
                  000011c8    0000000c     ti_msp_dl_config.o (.text.DL_SYSCTL_getClockStatus)
                  000011d4    0000000c     ti_msp_dl_config.o (.text.DL_SYSCTL_readFCC)
                  000011e0    0000000c     libclang_rt.builtins.a : aeabi_memset.S.obj (.text.__aeabi_memclr)
                  000011ec    0000000a     driverlib.a : dl_common.o (.text.DL_Common_delayCycles)
                  000011f6    00000006     libc.a : exit.c.obj (.text:abort)
                  000011fc    00000004     startup_mspm0g350x_ticlang.o (.text.Default_Handler)
                  00001200    00000004     libsysbm.a : hostexit.c.obj (.text.HOSTexit)
                  00001204    00000004     startup_mspm0g350x_ticlang.o (.text.Reset_Handler)
                  00001208    00000004     libc.a : pre_init.c.obj (.text._system_pre_init)
                  0000120c    00000004     --HOLE-- [fill = 0]

.cinit     0    00001258    00000018     
                  00001258    00000008     (.cinit..bss.load) [load image, compression = zero_init]
                  00001260    00000004     (__TI_handler_table)
                  00001264    00000008     (__TI_cinit_table)
                  0000126c    00000004     --HOLE-- [fill = 0]

.rodata    0    00001210    00000048     
                  00001210    00000028     ti_msp_dl_config.o (.rodata.gSYSPLLConfig)
                  00001238    0000000c     main.o (.rodata.str1.15159059442110792349.1)
                  00001244    0000000a     ti_msp_dl_config.o (.rodata.gPRINTConfig)
                  0000124e    00000002     ti_msp_dl_config.o (.rodata.gOLEDClockConfig)
                  00001250    00000002     ti_msp_dl_config.o (.rodata.gPRINTClockConfig)
                  00001252    00000006     --HOLE-- [fill = 0]

.init_array 
*          0    00000000    00000000     UNINITIALIZED

.binit     0    00000000    00000000     

.bss       0    20200000    00000480     UNINITIALIZED
                  20200000    00000480     (.common:OLED_GRAM)

.stack     0    20207e00    00000200     UNINITIALIZED
                  20207e00    00000004     libc.a : boot_cortex_m.c.obj (.stack)
                  20207e04    000001fc     --HOLE--

__llvm_prf_cnts 
*          0    20200000    00000000     UNINITIALIZED

__llvm_prf_bits 
*          0    20200000    00000000     UNINITIALIZED

MODULE SUMMARY

       Module                         code   ro data   rw data
       ------                         ----   -------   -------
    .\
       oled.o                         848    0         1152   
       ti_msp_dl_config.o             1890   54        0      
       main.o                         212    12        0      
       startup_mspm0g350x_ticlang.o   8      192       0      
       uart.o                         160    0         0      
       delay.o                        28     0         0      
    +--+------------------------------+------+---------+---------+
       Total:                         3146   258       1152   
                                                              
    C:/TI/mspm0_sdk_2_10_00_04/source/ti/driverlib/lib/ticlang/m0p/mspm0g1x0x_g3x0x/driverlib.a
       dl_sysctl_mspm0g1x0x_g3x0x.o   416    0         0      
       dl_uart.o                      138    0         0      
       dl_i2c.o                       132    0         0      
       dl_common.o                    10     0         0      
    +--+------------------------------+------+---------+---------+
       Total:                         696    0         0      
                                                              
    E:\ti\ccs2050\ccs\tools\compiler\ti-cgt-armllvm_4.0.4.LTS\lib\armv6m-ti-none-eabi/c/libc.a
       autoinit.c.obj                 60     0         0      
       boot_cortex_m.c.obj            40     0         0      
       copy_zero_init.c.obj           16     0         0      
       memset16.S.obj                 14     0         0      
       exit.c.obj                     6      0         0      
       pre_init.c.obj                 4      0         0      
    +--+------------------------------+------+---------+---------+
       Total:                         140    0         0      
                                                              
    E:\ti\ccs2050\ccs\tools\compiler\ti-cgt-armllvm_4.0.4.LTS\lib\armv6m-ti-none-eabi/c/libsysbm.a
       hostexit.c.obj                 4      0         0      
    +--+------------------------------+------+---------+---------+
       Total:                         4      0         0      
                                                              
    E:\ti\ccs2050\ccs\tools\compiler\ti-cgt-armllvm_4.0.4.LTS\lib\armv6m-ti-none-eabi/libclang_rt.builtins.a
       comparedf2.c.obj               220    0         0      
       aeabi_dcmp.S.obj               98     0         0      
       aeabi_uidivmod.S.obj           64     0         0      
       floatunsidf.S.obj              36     0         0      
       aeabi_memset.S.obj             12     0         0      
       aeabi_div0.c.obj               2      0         0      
    +--+------------------------------+------+---------+---------+
       Total:                         432    0         0      
                                                              
       Stack:                         0      0         512    
       Linker Generated:              0      20        0      
    +--+------------------------------+------+---------+---------+
       Grand Total:                   4418   278       1664   


LINKER GENERATED COPY TABLES

__TI_cinit_table @ 00001264 records: 1, size/record: 8, table size: 8
	.bss: load addr=00001258, load size=00000008 bytes, run addr=20200000, run size=00000480 bytes, compression=zero_init


LINKER GENERATED HANDLER TABLE

__TI_handler_table @ 00001260 records: 1, size/record: 4, table size: 4
	index: 0, handler: __TI_zero_init


GLOBAL SYMBOLS: SORTED ALPHABETICALLY BY Name 

address   name                                 
-------   ----                                 
000011fd  ADC0_IRQHandler                      
000011fd  ADC1_IRQHandler                      
000011fd  AES_IRQHandler                       
00001200  C$$EXIT                              
000011fd  CANFD0_IRQHandler                    
000011fd  DAC0_IRQHandler                      
000011ed  DL_Common_delayCycles                
0000084d  DL_I2C_fillControllerTXFIFO          
00000d67  DL_I2C_setClockConfig                
00000e6d  DL_SYSCTL_configFCC                  
000002a1  DL_SYSCTL_configSYSPLL               
000006c5  DL_SYSCTL_setHFCLKSourceHFXTParams   
00000ac9  DL_SYSCTL_switchMCLKfromSYSOSCtoHSCLK
000009f1  DL_UART_init                         
00001167  DL_UART_setClockConfig               
00000bf1  DL_UART_transmitDataBlocking         
000011fd  DMA_IRQHandler                       
000011fd  Default_Handler                      
000011fd  GROUP0_IRQHandler                    
000011fd  GROUP1_IRQHandler                    
00001201  HOSTexit                             
000011fd  HardFault_Handler                    
000011fd  I2C0_IRQHandler                      
000011fd  I2C1_IRQHandler                      
000011fd  NMI_Handler                          
0000078d  OLED_Clear                           
00000b89  OLED_ColorTurn                       
00000a39  OLED_DisplayTurn                     
20200000  OLED_GRAM                            
000000c1  OLED_Init                            
00000409  OLED_Refresh                         
00000501  OLED_WR_Byte                         
000011fd  PendSV_Handler                       
000011fd  RTC_IRQHandler                       
00001205  Reset_Handler                        
000011fd  SPI0_IRQHandler                      
000011fd  SPI1_IRQHandler                      
000011fd  SVC_Handler                          
0000037d  SYSCFG_DL_GPIO_init                  
000007ed  SYSCFG_DL_OLED_init                  
00000a81  SYSCFG_DL_PRINT_init                 
000001b9  SYSCFG_DL_SYSCTL_SYSPLL_init         
00000575  SYSCFG_DL_SYSCTL_init                
00001099  SYSCFG_DL_init                       
000008ad  SYSCFG_DL_initPower                  
000011fd  SysTick_Handler                      
000011fd  TIMA0_IRQHandler                     
000011fd  TIMA1_IRQHandler                     
000011fd  TIMG0_IRQHandler                     
000011fd  TIMG12_IRQHandler                    
000011fd  TIMG6_IRQHandler                     
000011fd  TIMG7_IRQHandler                     
000011fd  TIMG8_IRQHandler                     
000011b9  TI_memset_small                      
00000bbd  UART0_IRQHandler                     
000011fd  UART1_IRQHandler                     
000011fd  UART2_IRQHandler                     
000011fd  UART3_IRQHandler                     
00000ef9  UART_send_char                       
00000c4d  UART_send_string                     
20208000  __STACK_END                          
00000200  __STACK_SIZE                         
00000000  __TI_ATRegion0_region_sz             
00000000  __TI_ATRegion0_src_addr              
00000000  __TI_ATRegion0_trg_addr              
00000000  __TI_ATRegion1_region_sz             
00000000  __TI_ATRegion1_src_addr              
00000000  __TI_ATRegion1_trg_addr              
00000000  __TI_ATRegion2_region_sz             
00000000  __TI_ATRegion2_src_addr              
00000000  __TI_ATRegion2_trg_addr              
00001264  __TI_CINIT_Base                      
0000126c  __TI_CINIT_Limit                     
0000126c  __TI_CINIT_Warm                      
00001260  __TI_Handler_Table_Base              
00001264  __TI_Handler_Table_Limit             
00000b4d  __TI_auto_init_nobinit_nopinit       
ffffffff  __TI_pprof_out_hndl                  
ffffffff  __TI_prof_data_size                  
ffffffff  __TI_prof_data_start                 
00000000  __TI_static_base__                   
000011a9  __TI_zero_init                       
00000729  __aeabi_dcmpeq                       
00000765  __aeabi_dcmpge                       
00000779  __aeabi_dcmpgt                       
00000751  __aeabi_dcmple                       
0000073d  __aeabi_dcmplt                       
0000078b  __aeabi_idiv0                        
000011e1  __aeabi_memclr                       
000011e1  __aeabi_memclr4                      
000011e1  __aeabi_memclr8                      
00000db1  __aeabi_ui2d                         
00000b0d  __aeabi_uidiv                        
00000b0d  __aeabi_uidivmod                     
ffffffff  __binit__                            
0000065d  __cmpdf2                             
0000065d  __eqdf2                              
00000db1  __floatunsidf                        
000005e9  __gedf2                              
000005e9  __gtdf2                              
0000065d  __ledf2                              
0000065d  __ltdf2                              
UNDEFED   __mpu_init                           
0000065d  __nedf2                              
20207e00  __stack                              
20200000  __start___llvm_prf_bits              
20200000  __start___llvm_prf_cnts              
20200000  __stop___llvm_prf_bits               
20200000  __stop___llvm_prf_cnts               
00000d19  _c_int00_noargs                      
UNDEFED   _system_post_cinit                   
00001209  _system_pre_init                     
000011f7  abort                                
ffffffff  binit                                
00000f15  delay_ms                             
00000000  interruptVectors                     
00000485  main                                 


GLOBAL SYMBOLS: SORTED BY Symbol Address 

address   name                                 
-------   ----                                 
00000000  __TI_ATRegion0_region_sz             
00000000  __TI_ATRegion0_src_addr              
00000000  __TI_ATRegion0_trg_addr              
00000000  __TI_ATRegion1_region_sz             
00000000  __TI_ATRegion1_src_addr              
00000000  __TI_ATRegion1_trg_addr              
00000000  __TI_ATRegion2_region_sz             
00000000  __TI_ATRegion2_src_addr              
00000000  __TI_ATRegion2_trg_addr              
00000000  __TI_static_base__                   
00000000  interruptVectors                     
000000c1  OLED_Init                            
000001b9  SYSCFG_DL_SYSCTL_SYSPLL_init         
00000200  __STACK_SIZE                         
000002a1  DL_SYSCTL_configSYSPLL               
0000037d  SYSCFG_DL_GPIO_init                  
00000409  OLED_Refresh                         
00000485  main                                 
00000501  OLED_WR_Byte                         
00000575  SYSCFG_DL_SYSCTL_init                
000005e9  __gedf2                              
000005e9  __gtdf2                              
0000065d  __cmpdf2                             
0000065d  __eqdf2                              
0000065d  __ledf2                              
0000065d  __ltdf2                              
0000065d  __nedf2                              
000006c5  DL_SYSCTL_setHFCLKSourceHFXTParams   
00000729  __aeabi_dcmpeq                       
0000073d  __aeabi_dcmplt                       
00000751  __aeabi_dcmple                       
00000765  __aeabi_dcmpge                       
00000779  __aeabi_dcmpgt                       
0000078b  __aeabi_idiv0                        
0000078d  OLED_Clear                           
000007ed  SYSCFG_DL_OLED_init                  
0000084d  DL_I2C_fillControllerTXFIFO          
000008ad  SYSCFG_DL_initPower                  
000009f1  DL_UART_init                         
00000a39  OLED_DisplayTurn                     
00000a81  SYSCFG_DL_PRINT_init                 
00000ac9  DL_SYSCTL_switchMCLKfromSYSOSCtoHSCLK
00000b0d  __aeabi_uidiv                        
00000b0d  __aeabi_uidivmod                     
00000b4d  __TI_auto_init_nobinit_nopinit       
00000b89  OLED_ColorTurn                       
00000bbd  UART0_IRQHandler                     
00000bf1  DL_UART_transmitDataBlocking         
00000c4d  UART_send_string                     
00000d19  _c_int00_noargs                      
00000d67  DL_I2C_setClockConfig                
00000db1  __aeabi_ui2d                         
00000db1  __floatunsidf                        
00000e6d  DL_SYSCTL_configFCC                  
00000ef9  UART_send_char                       
00000f15  delay_ms                             
00001099  SYSCFG_DL_init                       
00001167  DL_UART_setClockConfig               
000011a9  __TI_zero_init                       
000011b9  TI_memset_small                      
000011e1  __aeabi_memclr                       
000011e1  __aeabi_memclr4                      
000011e1  __aeabi_memclr8                      
000011ed  DL_Common_delayCycles                
000011f7  abort                                
000011fd  ADC0_IRQHandler                      
000011fd  ADC1_IRQHandler                      
000011fd  AES_IRQHandler                       
000011fd  CANFD0_IRQHandler                    
000011fd  DAC0_IRQHandler                      
000011fd  DMA_IRQHandler                       
000011fd  Default_Handler                      
000011fd  GROUP0_IRQHandler                    
000011fd  GROUP1_IRQHandler                    
000011fd  HardFault_Handler                    
000011fd  I2C0_IRQHandler                      
000011fd  I2C1_IRQHandler                      
000011fd  NMI_Handler                          
000011fd  PendSV_Handler                       
000011fd  RTC_IRQHandler                       
000011fd  SPI0_IRQHandler                      
000011fd  SPI1_IRQHandler                      
000011fd  SVC_Handler                          
000011fd  SysTick_Handler                      
000011fd  TIMA0_IRQHandler                     
000011fd  TIMA1_IRQHandler                     
000011fd  TIMG0_IRQHandler                     
000011fd  TIMG12_IRQHandler                    
000011fd  TIMG6_IRQHandler                     
000011fd  TIMG7_IRQHandler                     
000011fd  TIMG8_IRQHandler                     
000011fd  UART1_IRQHandler                     
000011fd  UART2_IRQHandler                     
000011fd  UART3_IRQHandler                     
00001200  C$$EXIT                              
00001201  HOSTexit                             
00001205  Reset_Handler                        
00001209  _system_pre_init                     
00001260  __TI_Handler_Table_Base              
00001264  __TI_CINIT_Base                      
00001264  __TI_Handler_Table_Limit             
0000126c  __TI_CINIT_Limit                     
0000126c  __TI_CINIT_Warm                      
20200000  OLED_GRAM                            
20200000  __start___llvm_prf_bits              
20200000  __start___llvm_prf_cnts              
20200000  __stop___llvm_prf_bits               
20200000  __stop___llvm_prf_cnts               
20207e00  __stack                              
20208000  __STACK_END                          
ffffffff  __TI_pprof_out_hndl                  
ffffffff  __TI_prof_data_size                  
ffffffff  __TI_prof_data_start                 
ffffffff  __binit__                            
ffffffff  binit                                
UNDEFED   __mpu_init                           
UNDEFED   _system_post_cinit                   

[117 symbols]
