******************************************************************************
            TI ARM Clang Linker PC v4.0.4                      
******************************************************************************
>> Linked Sat May 23 17:04:33 2026

OUTPUT FILE NAME:   <14_step_motor_1.out>
ENTRY POINT SYMBOL: "_c_int00_noinit_noargs"  address: 00000a85


MEMORY CONFIGURATION

         name            origin    length      used     unused   attr    fill
----------------------  --------  ---------  --------  --------  ----  --------
  FLASH                 00000000   00020000  00000e98  0001f168  R  X
  SRAM                  20200000   00008000  00000200  00007e00  RW X
  BCR_CONFIG            41c00000   000000ff  00000000  000000ff  R   
  BSL_CONFIG            41c00100   00000080  00000000  00000080  R   


SEGMENT ALLOCATION MAP

run origin  load origin   length   init length attrs members
----------  ----------- ---------- ----------- ----- -------
00000000    00000000    00000e98   00000e98    r-x
  00000000    00000000    000000c0   000000c0    r-- .intvecs
  000000c0    000000c0    00000da0   00000da0    r-x .text
  00000e60    00000e60    00000038   00000038    r-- .rodata
20207e00    20207e00    00000200   00000000    rw-
  20207e00    20207e00    00000200   00000000    rw- .stack


SECTION ALLOCATION MAP

 output                                  attributes/
section   page    origin      length       input sections
--------  ----  ----------  ----------   ----------------
.intvecs   0    00000000    000000c0     
                  00000000    000000c0     startup_mspm0g350x_ticlang.o (.intvecs)

.text      0    000000c0    00000da0     
                  000000c0    000000e8     ti_msp_dl_config.o (.text.SYSCFG_DL_SYSCTL_SYSPLL_init)
                  000001a8    000000dc     driverlib.a : dl_sysctl_mspm0g1x0x_g3x0x.o (.text.DL_SYSCTL_configSYSPLL)
                  00000284    0000009c     ti_msp_dl_config.o (.text.SYSCFG_DL_GPIO_init)
                  00000320    00000074     ti_msp_dl_config.o (.text.SYSCFG_DL_SYSCTL_init)
                  00000394    00000074     libclang_rt.builtins.a : comparedf2.c.obj (.text.__gedf2)
                  00000408    00000068                            : comparedf2.c.obj (.text.__ledf2)
                  00000470    00000064     driverlib.a : dl_sysctl_mspm0g1x0x_g3x0x.o (.text.DL_SYSCTL_setHFCLKSourceHFXTParams)
                  000004d4    00000062     libclang_rt.builtins.a : aeabi_dcmp.S.obj (.text.__aeabi_dcmp)
                  00000536    00000002                            : aeabi_div0.c.obj (.text.__aeabi_idiv0)
                  00000538    00000060     ti_msp_dl_config.o (.text.SYSCFG_DL_OLED_init)
                  00000598    00000058     ti_msp_dl_config.o (.text.SYSCFG_DL_initPower)
                  000005f0    00000050     ti_msp_dl_config.o (.text.DL_GPIO_initPeripheralInputFunctionFeatures)
                  00000640    0000004c     ti_msp_dl_config.o (.text.DL_UART_setBaudRateDivisor)
                  0000068c    00000048     driverlib.a : dl_uart.o (.text.DL_UART_init)
                  000006d4    00000048     ti_msp_dl_config.o (.text.SYSCFG_DL_PRINT_init)
                  0000071c    00000044     driverlib.a : dl_sysctl_mspm0g1x0x_g3x0x.o (.text.DL_SYSCTL_switchMCLKfromSYSOSCtoHSCLK)
                  00000760    00000044     main.o (.text.main)
                  000007a4    00000044     step_motor.o (.text.step_motor_init)
                  000007e8    00000040     libclang_rt.builtins.a : aeabi_uidivmod.S.obj (.text.__aeabi_uidivmod)
                  00000828    00000040     step_motor.o (.text.step_motor_dir_set)
                  00000868    00000040     step_motor.o (.text.step_motor_step_set)
                  000008a8    00000034     uart.o (.text.UART0_IRQHandler)
                  000008dc    00000030     driverlib.a : dl_uart.o (.text.DL_UART_transmitDataBlocking)
                  0000090c    0000002c     main.o (.text.__NVIC_EnableIRQ)
                  00000938    00000028     ti_msp_dl_config.o (.text.DL_Common_updateReg)
                  00000960    00000028     ti_msp_dl_config.o (.text.DL_I2C_setControllerRXFIFOThreshold)
                  00000988    00000028     ti_msp_dl_config.o (.text.DL_I2C_setControllerTXFIFOThreshold)
                  000009b0    00000026     ti_msp_dl_config.o (.text.DL_I2C_setAnalogGlitchFilterPulseWidth)
                  000009d6    00000026     driverlib.a : dl_i2c.o (.text.DL_I2C_setClockConfig)
                  000009fc    00000024     ti_msp_dl_config.o (.text.DL_I2C_setDigitalGlitchFilterPulseWidth)
                  00000a20    00000024     libclang_rt.builtins.a : floatunsidf.S.obj (.text.__floatunsidf)
                  00000a44    00000020     ti_msp_dl_config.o (.text.DL_GPIO_initPeripheralInputFunction)
                  00000a64    00000020     ti_msp_dl_config.o (.text.DL_SYSCTL_setFlashWaitState)
                  00000a84    00000020     libc.a : boot_cortex_m.c.obj (.text:_c_int00_noinit_noargs)
                  00000aa4    0000001e     ti_msp_dl_config.o (.text.DL_UART_setOversampling)
                  00000ac2    00000002     --HOLE-- [fill = 0]
                  00000ac4    0000001c     ti_msp_dl_config.o (.text.DL_GPIO_enableHiZ)
                  00000ae0    0000001c     ti_msp_dl_config.o (.text.DL_GPIO_initPeripheralOutputFunction)
                  00000afc    0000001c     driverlib.a : dl_sysctl_mspm0g1x0x_g3x0x.o (.text.DL_SYSCTL_configFCC)
                  00000b18    0000001c     ti_msp_dl_config.o (.text.DL_SYSCTL_setFCCPeriods)
                  00000b34    0000001c     ti_msp_dl_config.o (.text.DL_SYSCTL_setSYSOSCFreq)
                  00000b50    0000001c     ti_msp_dl_config.o (.text.DL_SYSCTL_setULPCLKDivider)
                  00000b6c    0000001c     ti_msp_dl_config.o (.text.DL_UART_enableInterrupt)
                  00000b88    0000001c     uart.o (.text.UART_send_char)
                  00000ba4    0000001c     delay.o (.text.delay_ms)
                  00000bc0    00000018     ti_msp_dl_config.o (.text.DL_GPIO_enableOutput)
                  00000bd8    00000018     ti_msp_dl_config.o (.text.DL_GPIO_enablePower)
                  00000bf0    00000018     ti_msp_dl_config.o (.text.DL_GPIO_initDigitalOutput)
                  00000c08    00000018     ti_msp_dl_config.o (.text.DL_GPIO_initPeripheralAnalogFunction)
                  00000c20    00000018     ti_msp_dl_config.o (.text.DL_GPIO_reset)
                  00000c38    00000018     step_motor.o (.text.DL_GPIO_setPins)
                  00000c50    00000018     ti_msp_dl_config.o (.text.DL_I2C_enableAnalogGlitchFilter)
                  00000c68    00000018     ti_msp_dl_config.o (.text.DL_I2C_enableController)
                  00000c80    00000018     ti_msp_dl_config.o (.text.DL_I2C_enableControllerClockStretching)
                  00000c98    00000018     ti_msp_dl_config.o (.text.DL_I2C_enablePower)
                  00000cb0    00000018     ti_msp_dl_config.o (.text.DL_I2C_reset)
                  00000cc8    00000018     ti_msp_dl_config.o (.text.DL_I2C_setTimerPeriod)
                  00000ce0    00000018     ti_msp_dl_config.o (.text.DL_SYSCTL_setBORThreshold)
                  00000cf8    00000018     ti_msp_dl_config.o (.text.DL_UART_enablePower)
                  00000d10    00000018     ti_msp_dl_config.o (.text.DL_UART_reset)
                  00000d28    00000018     ti_msp_dl_config.o (.text.SYSCFG_DL_init)
                  00000d40    00000016     ti_msp_dl_config.o (.text.DL_UART_enable)
                  00000d56    00000014     step_motor.o (.text.DL_GPIO_clearPins)
                  00000d6a    00000014     ti_msp_dl_config.o (.text.DL_GPIO_clearPins)
                  00000d7e    00000002     --HOLE-- [fill = 0]
                  00000d80    00000014     ti_msp_dl_config.o (.text.DL_I2C_resetControllerTransfer)
                  00000d94    00000014     ti_msp_dl_config.o (.text.DL_SYSCTL_disableSYSPLL)
                  00000da8    00000014     ti_msp_dl_config.o (.text.DL_SYSCTL_enableSYSPLL)
                  00000dbc    00000014     uart.o (.text.DL_UART_receiveData)
                  00000dd0    00000012     uart.o (.text.DL_UART_getPendingInterrupt)
                  00000de2    00000012     driverlib.a : dl_uart.o (.text.DL_UART_setClockConfig)
                  00000df4    00000010     ti_msp_dl_config.o (.text.DL_SYSCTL_disableHFXT)
                  00000e04    00000010     ti_msp_dl_config.o (.text.DL_SYSCTL_isFCCDone)
                  00000e14    00000010     ti_msp_dl_config.o (.text.DL_SYSCTL_startFCC)
                  00000e24    0000000c     ti_msp_dl_config.o (.text.DL_SYSCTL_getClockStatus)
                  00000e30    0000000c     ti_msp_dl_config.o (.text.DL_SYSCTL_readFCC)
                  00000e3c    0000000a     driverlib.a : dl_common.o (.text.DL_Common_delayCycles)
                  00000e46    00000006     libc.a : exit.c.obj (.text:abort)
                  00000e4c    00000004     startup_mspm0g350x_ticlang.o (.text.Default_Handler)
                  00000e50    00000004     libsysbm.a : hostexit.c.obj (.text.HOSTexit)
                  00000e54    00000004     startup_mspm0g350x_ticlang.o (.text.Reset_Handler)
                  00000e58    00000004     libc.a : pre_init.c.obj (.text._system_pre_init)
                  00000e5c    00000004     --HOLE-- [fill = 0]

.cinit     0    00000000    00000000     

.rodata    0    00000e60    00000038     
                  00000e60    00000028     ti_msp_dl_config.o (.rodata.gSYSPLLConfig)
                  00000e88    0000000a     ti_msp_dl_config.o (.rodata.gPRINTConfig)
                  00000e92    00000002     ti_msp_dl_config.o (.rodata.gOLEDClockConfig)
                  00000e94    00000002     ti_msp_dl_config.o (.rodata.gPRINTClockConfig)
                  00000e96    00000002     --HOLE-- [fill = 0]

.init_array 
*          0    00000000    00000000     UNINITIALIZED

.binit     0    00000000    00000000     

.stack     0    20207e00    00000200     UNINITIALIZED
                  20207e00    00000004     libc.a : boot_cortex_m.c.obj (.stack)
                  20207e04    000001fc     --HOLE--

__llvm_prf_cnts 
*          0    20200000    00000000     UNINITIALIZED

__llvm_prf_bits 
*          0    20200000    00000000     UNINITIALIZED

MODULE SUMMARY

       Module                         code   ro data   rw data
       ------                         ----   -------   -------
    .\
       ti_msp_dl_config.o             1906   54        0      
       step_motor.o                   240    0         0      
       startup_mspm0g350x_ticlang.o   8      192       0      
       uart.o                         118    0         0      
       main.o                         112    0         0      
       delay.o                        28     0         0      
    +--+------------------------------+------+---------+---------+
       Total:                         2412   246       0      
                                                              
    C:/TI/mspm0_sdk_2_10_00_04/source/ti/driverlib/lib/ticlang/m0p/mspm0g1x0x_g3x0x/driverlib.a
       dl_sysctl_mspm0g1x0x_g3x0x.o   416    0         0      
       dl_uart.o                      138    0         0      
       dl_i2c.o                       38     0         0      
       dl_common.o                    10     0         0      
    +--+------------------------------+------+---------+---------+
       Total:                         602    0         0      
                                                              
    E:\ti\ccs2050\ccs\tools\compiler\ti-cgt-armllvm_4.0.4.LTS\lib\armv6m-ti-none-eabi/c/libc.a
       boot_cortex_m.c.obj            32     0         0      
       exit.c.obj                     6      0         0      
       pre_init.c.obj                 4      0         0      
    +--+------------------------------+------+---------+---------+
       Total:                         42     0         0      
                                                              
    E:\ti\ccs2050\ccs\tools\compiler\ti-cgt-armllvm_4.0.4.LTS\lib\armv6m-ti-none-eabi/c/libsysbm.a
       hostexit.c.obj                 4      0         0      
    +--+------------------------------+------+---------+---------+
       Total:                         4      0         0      
                                                              
    E:\ti\ccs2050\ccs\tools\compiler\ti-cgt-armllvm_4.0.4.LTS\lib\armv6m-ti-none-eabi/libclang_rt.builtins.a
       comparedf2.c.obj               220    0         0      
       aeabi_dcmp.S.obj               98     0         0      
       aeabi_uidivmod.S.obj           64     0         0      
       floatunsidf.S.obj              36     0         0      
       aeabi_div0.c.obj               2      0         0      
    +--+------------------------------+------+---------+---------+
       Total:                         420    0         0      
                                                              
       Stack:                         0      0         512    
    +--+------------------------------+------+---------+---------+
       Grand Total:                   3480   246       512    


GLOBAL SYMBOLS: SORTED ALPHABETICALLY BY Name 

address   name                                 
-------   ----                                 
00000e4d  ADC0_IRQHandler                      
00000e4d  ADC1_IRQHandler                      
00000e4d  AES_IRQHandler                       
00000e50  C$$EXIT                              
00000e4d  CANFD0_IRQHandler                    
00000e4d  DAC0_IRQHandler                      
00000e3d  DL_Common_delayCycles                
000009d7  DL_I2C_setClockConfig                
00000afd  DL_SYSCTL_configFCC                  
000001a9  DL_SYSCTL_configSYSPLL               
00000471  DL_SYSCTL_setHFCLKSourceHFXTParams   
0000071d  DL_SYSCTL_switchMCLKfromSYSOSCtoHSCLK
0000068d  DL_UART_init                         
00000de3  DL_UART_setClockConfig               
000008dd  DL_UART_transmitDataBlocking         
00000e4d  DMA_IRQHandler                       
00000e4d  Default_Handler                      
00000e4d  GROUP0_IRQHandler                    
00000e4d  GROUP1_IRQHandler                    
00000e51  HOSTexit                             
00000e4d  HardFault_Handler                    
00000e4d  I2C0_IRQHandler                      
00000e4d  I2C1_IRQHandler                      
00000e4d  NMI_Handler                          
00000e4d  PendSV_Handler                       
00000e4d  RTC_IRQHandler                       
00000e55  Reset_Handler                        
00000e4d  SPI0_IRQHandler                      
00000e4d  SPI1_IRQHandler                      
00000e4d  SVC_Handler                          
00000285  SYSCFG_DL_GPIO_init                  
00000539  SYSCFG_DL_OLED_init                  
000006d5  SYSCFG_DL_PRINT_init                 
000000c1  SYSCFG_DL_SYSCTL_SYSPLL_init         
00000321  SYSCFG_DL_SYSCTL_init                
00000d29  SYSCFG_DL_init                       
00000599  SYSCFG_DL_initPower                  
00000e4d  SysTick_Handler                      
00000e4d  TIMA0_IRQHandler                     
00000e4d  TIMA1_IRQHandler                     
00000e4d  TIMG0_IRQHandler                     
00000e4d  TIMG12_IRQHandler                    
00000e4d  TIMG6_IRQHandler                     
00000e4d  TIMG7_IRQHandler                     
00000e4d  TIMG8_IRQHandler                     
000008a9  UART0_IRQHandler                     
00000e4d  UART1_IRQHandler                     
00000e4d  UART2_IRQHandler                     
00000e4d  UART3_IRQHandler                     
00000b89  UART_send_char                       
20208000  __STACK_END                          
00000200  __STACK_SIZE                         
00000000  __TI_ATRegion0_region_sz             
00000000  __TI_ATRegion0_src_addr              
00000000  __TI_ATRegion0_trg_addr              
00000000  __TI_ATRegion1_region_sz             
00000000  __TI_ATRegion1_src_addr              
00000000  __TI_ATRegion1_trg_addr              
00000000  __TI_ATRegion2_region_sz             
00000000  __TI_ATRegion2_src_addr              
00000000  __TI_ATRegion2_trg_addr              
00000000  __TI_CINIT_Base                      
00000000  __TI_CINIT_Limit                     
00000000  __TI_CINIT_Warm                      
ffffffff  __TI_pprof_out_hndl                  
ffffffff  __TI_prof_data_size                  
ffffffff  __TI_prof_data_start                 
00000000  __TI_static_base__                   
000004d5  __aeabi_dcmpeq                       
00000511  __aeabi_dcmpge                       
00000525  __aeabi_dcmpgt                       
000004fd  __aeabi_dcmple                       
000004e9  __aeabi_dcmplt                       
00000537  __aeabi_idiv0                        
00000a21  __aeabi_ui2d                         
000007e9  __aeabi_uidiv                        
000007e9  __aeabi_uidivmod                     
ffffffff  __binit__                            
00000409  __cmpdf2                             
00000409  __eqdf2                              
00000a21  __floatunsidf                        
00000395  __gedf2                              
00000395  __gtdf2                              
00000409  __ledf2                              
00000409  __ltdf2                              
UNDEFED   __mpu_init                           
00000409  __nedf2                              
20207e00  __stack                              
20200000  __start___llvm_prf_bits              
20200000  __start___llvm_prf_cnts              
20200000  __stop___llvm_prf_bits               
20200000  __stop___llvm_prf_cnts               
00000a85  _c_int00_noinit_noargs               
00000e59  _system_pre_init                     
00000e47  abort                                
ffffffff  binit                                
00000ba5  delay_ms                             
00000000  interruptVectors                     
00000761  main                                 
00000829  step_motor_dir_set                   
000007a5  step_motor_init                      
00000869  step_motor_step_set                  


GLOBAL SYMBOLS: SORTED BY Symbol Address 

address   name                                 
-------   ----                                 
00000000  __TI_ATRegion0_region_sz             
00000000  __TI_ATRegion0_src_addr              
00000000  __TI_ATRegion0_trg_addr              
00000000  __TI_ATRegion1_region_sz             
00000000  __TI_ATRegion1_src_addr              
00000000  __TI_ATRegion1_trg_addr              
00000000  __TI_ATRegion2_region_sz             
00000000  __TI_ATRegion2_src_addr              
00000000  __TI_ATRegion2_trg_addr              
00000000  __TI_CINIT_Base                      
00000000  __TI_CINIT_Limit                     
00000000  __TI_CINIT_Warm                      
00000000  __TI_static_base__                   
00000000  interruptVectors                     
000000c1  SYSCFG_DL_SYSCTL_SYSPLL_init         
000001a9  DL_SYSCTL_configSYSPLL               
00000200  __STACK_SIZE                         
00000285  SYSCFG_DL_GPIO_init                  
00000321  SYSCFG_DL_SYSCTL_init                
00000395  __gedf2                              
00000395  __gtdf2                              
00000409  __cmpdf2                             
00000409  __eqdf2                              
00000409  __ledf2                              
00000409  __ltdf2                              
00000409  __nedf2                              
00000471  DL_SYSCTL_setHFCLKSourceHFXTParams   
000004d5  __aeabi_dcmpeq                       
000004e9  __aeabi_dcmplt                       
000004fd  __aeabi_dcmple                       
00000511  __aeabi_dcmpge                       
00000525  __aeabi_dcmpgt                       
00000537  __aeabi_idiv0                        
00000539  SYSCFG_DL_OLED_init                  
00000599  SYSCFG_DL_initPower                  
0000068d  DL_UART_init                         
000006d5  SYSCFG_DL_PRINT_init                 
0000071d  DL_SYSCTL_switchMCLKfromSYSOSCtoHSCLK
00000761  main                                 
000007a5  step_motor_init                      
000007e9  __aeabi_uidiv                        
000007e9  __aeabi_uidivmod                     
00000829  step_motor_dir_set                   
00000869  step_motor_step_set                  
000008a9  UART0_IRQHandler                     
000008dd  DL_UART_transmitDataBlocking         
000009d7  DL_I2C_setClockConfig                
00000a21  __aeabi_ui2d                         
00000a21  __floatunsidf                        
00000a85  _c_int00_noinit_noargs               
00000afd  DL_SYSCTL_configFCC                  
00000b89  UART_send_char                       
00000ba5  delay_ms                             
00000d29  SYSCFG_DL_init                       
00000de3  DL_UART_setClockConfig               
00000e3d  DL_Common_delayCycles                
00000e47  abort                                
00000e4d  ADC0_IRQHandler                      
00000e4d  ADC1_IRQHandler                      
00000e4d  AES_IRQHandler                       
00000e4d  CANFD0_IRQHandler                    
00000e4d  DAC0_IRQHandler                      
00000e4d  DMA_IRQHandler                       
00000e4d  Default_Handler                      
00000e4d  GROUP0_IRQHandler                    
00000e4d  GROUP1_IRQHandler                    
00000e4d  HardFault_Handler                    
00000e4d  I2C0_IRQHandler                      
00000e4d  I2C1_IRQHandler                      
00000e4d  NMI_Handler                          
00000e4d  PendSV_Handler                       
00000e4d  RTC_IRQHandler                       
00000e4d  SPI0_IRQHandler                      
00000e4d  SPI1_IRQHandler                      
00000e4d  SVC_Handler                          
00000e4d  SysTick_Handler                      
00000e4d  TIMA0_IRQHandler                     
00000e4d  TIMA1_IRQHandler                     
00000e4d  TIMG0_IRQHandler                     
00000e4d  TIMG12_IRQHandler                    
00000e4d  TIMG6_IRQHandler                     
00000e4d  TIMG7_IRQHandler                     
00000e4d  TIMG8_IRQHandler                     
00000e4d  UART1_IRQHandler                     
00000e4d  UART2_IRQHandler                     
00000e4d  UART3_IRQHandler                     
00000e50  C$$EXIT                              
00000e51  HOSTexit                             
00000e55  Reset_Handler                        
00000e59  _system_pre_init                     
20200000  __start___llvm_prf_bits              
20200000  __start___llvm_prf_cnts              
20200000  __stop___llvm_prf_bits               
20200000  __stop___llvm_prf_cnts               
20207e00  __stack                              
20208000  __STACK_END                          
ffffffff  __TI_pprof_out_hndl                  
ffffffff  __TI_prof_data_size                  
ffffffff  __TI_prof_data_start                 
ffffffff  __binit__                            
ffffffff  binit                                
UNDEFED   __mpu_init                           

[102 symbols]
