******************************************************************************
            TI ARM Clang Linker PC v4.0.4                      
******************************************************************************
>> Linked Tue May 26 18:02:25 2026

OUTPUT FILE NAME:   <15_step_motor_2.out>
ENTRY POINT SYMBOL: "_c_int00_noargs"  address: 00000efd


MEMORY CONFIGURATION

         name            origin    length      used     unused   attr    fill
----------------------  --------  ---------  --------  --------  ----  --------
  FLASH                 00000000   00020000  000015a8  0001ea58  R  X
  SRAM                  20200000   00008000  00000204  00007dfc  RW X
  BCR_CONFIG            41c00000   000000ff  00000000  000000ff  R   
  BSL_CONFIG            41c00100   00000080  00000000  00000080  R   


SEGMENT ALLOCATION MAP

run origin  load origin   length   init length attrs members
----------  ----------- ---------- ----------- ----- -------
00000000    00000000    000015a8   000015a8    r-x
  00000000    00000000    000000c0   000000c0    r-- .intvecs
  000000c0    000000c0    00001488   00001488    r-x .text
  00001548    00001548    00000048   00000048    r-- .rodata
  00001590    00001590    00000018   00000018    r-- .cinit
20200000    20200000    00000004   00000000    rw-
  20200000    20200000    00000004   00000000    rw- .data
20207e00    20207e00    00000200   00000000    rw-
  20207e00    20207e00    00000200   00000000    rw- .stack


SECTION ALLOCATION MAP

 output                                  attributes/
section   page    origin      length       input sections
--------  ----  ----------  ----------   ----------------
.intvecs   0    00000000    000000c0     
                  00000000    000000c0     startup_mspm0g350x_ticlang.o (.intvecs)

.text      0    000000c0    00001488     
                  000000c0    0000010c     libclang_rt.builtins.a : divdf3.S.obj (.text.__divdf3)
                  000001cc    00000104     driverlib.a : dl_timer.o (.text.DL_Timer_initFourCCPWMMode)
                  000002d0    000000e8     ti_msp_dl_config.o (.text.SYSCFG_DL_SYSCTL_SYSPLL_init)
                  000003b8    000000dc     driverlib.a : dl_sysctl_mspm0g1x0x_g3x0x.o (.text.DL_SYSCTL_configSYSPLL)
                  00000494    000000b8     step_motor.o (.text.step_set_speed)
                  0000054c    000000ac     ti_msp_dl_config.o (.text.SYSCFG_DL_GPIO_init)
                  000005f8    0000007c     libc.a : copy_decompress_lzss.c.obj (.text:decompress:lzss)
                  00000674    00000074     ti_msp_dl_config.o (.text.SYSCFG_DL_SYSCTL_init)
                  000006e8    00000074     libclang_rt.builtins.a : comparedf2.c.obj (.text.__gedf2)
                  0000075c    00000070     ti_msp_dl_config.o (.text.SYSCFG_DL_DCC_100_PWM2_init)
                  000007cc    0000006c     main.o (.text.main)
                  00000838    00000068     ti_msp_dl_config.o (.text.SYSCFG_DL_initPower)
                  000008a0    00000068     libclang_rt.builtins.a : comparedf2.c.obj (.text.__ledf2)
                  00000908    00000064     driverlib.a : dl_sysctl_mspm0g1x0x_g3x0x.o (.text.DL_SYSCTL_setHFCLKSourceHFXTParams)
                  0000096c    00000062     libclang_rt.builtins.a : aeabi_dcmp.S.obj (.text.__aeabi_dcmp)
                  000009ce    00000002                            : aeabi_div0.c.obj (.text.__aeabi_idiv0)
                  000009d0    00000060     ti_msp_dl_config.o (.text.SYSCFG_DL_OLED_init)
                  00000a30    00000050     ti_msp_dl_config.o (.text.DL_GPIO_initPeripheralInputFunctionFeatures)
                  00000a80    0000004c     ti_msp_dl_config.o (.text.DL_UART_setBaudRateDivisor)
                  00000acc    00000048     driverlib.a : dl_uart.o (.text.DL_UART_init)
                  00000b14    00000048     ti_msp_dl_config.o (.text.SYSCFG_DL_PRINT_init)
                  00000b5c    00000048     step_motor.o (.text.step_motor_set_angle)
                  00000ba4    00000044     driverlib.a : dl_sysctl_mspm0g1x0x_g3x0x.o (.text.DL_SYSCTL_switchMCLKfromSYSOSCtoHSCLK)
                  00000be8    00000042     libclang_rt.builtins.a : fixunsdfsi.S.obj (.text.__fixunsdfsi)
                  00000c2a    00000002     --HOLE-- [fill = 0]
                  00000c2c    00000040                            : aeabi_uidivmod.S.obj (.text.__aeabi_uidivmod)
                  00000c6c    00000040     step_motor.o (.text.step_motor_dir_set)
                  00000cac    00000040     step_motor.o (.text.step_motor_init)
                  00000cec    0000003c     ti_msp_dl_config.o (.text.DL_Timer_setCounterControl)
                  00000d28    0000003c     libc.a : autoinit.c.obj (.text:__TI_auto_init_nobinit_nopinit)
                  00000d64    00000038     step_motor.o (.text.TIMG0_IRQHandler)
                  00000d9c    00000034     uart.o (.text.UART0_IRQHandler)
                  00000dd0    00000030     driverlib.a : dl_uart.o (.text.DL_UART_transmitDataBlocking)
                  00000e00    0000002c     main.o (.text.__NVIC_EnableIRQ)
                  00000e2c    0000002c     step_motor.o (.text.__NVIC_EnableIRQ)
                  00000e58    0000002c     libclang_rt.builtins.a : floatsidf.S.obj (.text.__floatsidf)
                  00000e84    00000028     ti_msp_dl_config.o (.text.DL_Common_updateReg)
                  00000eac    00000028     ti_msp_dl_config.o (.text.DL_I2C_setControllerRXFIFOThreshold)
                  00000ed4    00000028     ti_msp_dl_config.o (.text.DL_I2C_setControllerTXFIFOThreshold)
                  00000efc    00000028     libc.a : boot_cortex_m.c.obj (.text:_c_int00_noargs)
                  00000f24    00000026     ti_msp_dl_config.o (.text.DL_I2C_setAnalogGlitchFilterPulseWidth)
                  00000f4a    00000026     driverlib.a : dl_i2c.o (.text.DL_I2C_setClockConfig)
                  00000f70    00000024     ti_msp_dl_config.o (.text.DL_I2C_setDigitalGlitchFilterPulseWidth)
                  00000f94    00000024     libclang_rt.builtins.a : floatunsidf.S.obj (.text.__floatunsidf)
                  00000fb8    00000020     ti_msp_dl_config.o (.text.DL_GPIO_initPeripheralInputFunction)
                  00000fd8    00000020     ti_msp_dl_config.o (.text.DL_SYSCTL_setFlashWaitState)
                  00000ff8    0000001e     ti_msp_dl_config.o (.text.DL_UART_setOversampling)
                  00001016    00000002     --HOLE-- [fill = 0]
                  00001018    0000001c     ti_msp_dl_config.o (.text.DL_GPIO_enableHiZ)
                  00001034    0000001c     ti_msp_dl_config.o (.text.DL_GPIO_initPeripheralOutputFunction)
                  00001050    0000001c     driverlib.a : dl_sysctl_mspm0g1x0x_g3x0x.o (.text.DL_SYSCTL_configFCC)
                  0000106c    0000001c     ti_msp_dl_config.o (.text.DL_SYSCTL_setFCCPeriods)
                  00001088    0000001c     ti_msp_dl_config.o (.text.DL_SYSCTL_setSYSOSCFreq)
                  000010a4    0000001c     ti_msp_dl_config.o (.text.DL_SYSCTL_setULPCLKDivider)
                  000010c0    0000001c     ti_msp_dl_config.o (.text.DL_Timer_enableInterrupt)
                  000010dc    0000001c     driverlib.a : dl_timer.o (.text.DL_Timer_setCaptCompUpdateMethod)
                  000010f8    0000001c                 : dl_timer.o (.text.DL_Timer_setClockConfig)
                  00001114    0000001c     ti_msp_dl_config.o (.text.DL_UART_enableInterrupt)
                  00001130    0000001c     ti_msp_dl_config.o (.text.SYSCFG_DL_init)
                  0000114c    0000001c     uart.o (.text.UART_send_char)
                  00001168    0000001c     delay.o (.text.delay_ms)
                  00001184    0000001c     step_motor.o (.text.step_motor_start)
                  000011a0    00000018     ti_msp_dl_config.o (.text.DL_GPIO_enableOutput)
                  000011b8    00000018     ti_msp_dl_config.o (.text.DL_GPIO_enablePower)
                  000011d0    00000018     ti_msp_dl_config.o (.text.DL_GPIO_initDigitalOutput)
                  000011e8    00000018     ti_msp_dl_config.o (.text.DL_GPIO_initPeripheralAnalogFunction)
                  00001200    00000018     ti_msp_dl_config.o (.text.DL_GPIO_reset)
                  00001218    00000018     step_motor.o (.text.DL_GPIO_setPins)
                  00001230    00000018     ti_msp_dl_config.o (.text.DL_I2C_enableAnalogGlitchFilter)
                  00001248    00000018     ti_msp_dl_config.o (.text.DL_I2C_enableController)
                  00001260    00000018     ti_msp_dl_config.o (.text.DL_I2C_enableControllerClockStretching)
                  00001278    00000018     ti_msp_dl_config.o (.text.DL_I2C_enablePower)
                  00001290    00000018     ti_msp_dl_config.o (.text.DL_I2C_reset)
                  000012a8    00000018     ti_msp_dl_config.o (.text.DL_I2C_setTimerPeriod)
                  000012c0    00000018     ti_msp_dl_config.o (.text.DL_SYSCTL_setBORThreshold)
                  000012d8    00000018     ti_msp_dl_config.o (.text.DL_Timer_enablePower)
                  000012f0    00000018     ti_msp_dl_config.o (.text.DL_Timer_reset)
                  00001308    00000018     driverlib.a : dl_timer.o (.text.DL_Timer_setCaptureCompareOutCtl)
                  00001320    00000018     step_motor.o (.text.DL_Timer_setLoadValue)
                  00001338    00000018     step_motor.o (.text.DL_Timer_startCounter)
                  00001350    00000018     step_motor.o (.text.DL_Timer_stopCounter)
                  00001368    00000018     ti_msp_dl_config.o (.text.DL_UART_enablePower)
                  00001380    00000018     ti_msp_dl_config.o (.text.DL_UART_reset)
                  00001398    00000018     step_motor.o (.text.step_motor_stop)
                  000013b0    00000016     ti_msp_dl_config.o (.text.DL_UART_enable)
                  000013c6    00000014     step_motor.o (.text.DL_GPIO_clearPins)
                  000013da    00000014     ti_msp_dl_config.o (.text.DL_GPIO_clearPins)
                  000013ee    00000002     --HOLE-- [fill = 0]
                  000013f0    00000014     ti_msp_dl_config.o (.text.DL_I2C_resetControllerTransfer)
                  00001404    00000014     ti_msp_dl_config.o (.text.DL_SYSCTL_disableSYSPLL)
                  00001418    00000014     ti_msp_dl_config.o (.text.DL_SYSCTL_enableSYSPLL)
                  0000142c    00000014     ti_msp_dl_config.o (.text.DL_Timer_enableClock)
                  00001440    00000014     ti_msp_dl_config.o (.text.DL_Timer_setCCPDirection)
                  00001454    00000014     uart.o (.text.DL_UART_receiveData)
                  00001468    00000012     step_motor.o (.text.DL_Timer_getPendingInterrupt)
                  0000147a    00000012     uart.o (.text.DL_UART_getPendingInterrupt)
                  0000148c    00000012     driverlib.a : dl_uart.o (.text.DL_UART_setClockConfig)
                  0000149e    00000012     libc.a : memcpy16.S.obj (.text:TI_memcpy_small)
                  000014b0    00000012            : copy_decompress_none.c.obj (.text:decompress:none)
                  000014c2    00000002     --HOLE-- [fill = 0]
                  000014c4    00000010     ti_msp_dl_config.o (.text.DL_SYSCTL_disableHFXT)
                  000014d4    00000010     ti_msp_dl_config.o (.text.DL_SYSCTL_isFCCDone)
                  000014e4    00000010     ti_msp_dl_config.o (.text.DL_SYSCTL_startFCC)
                  000014f4    00000010     driverlib.a : dl_timer.o (.text.DL_Timer_setCaptureCompareValue)
                  00001504    0000000c     ti_msp_dl_config.o (.text.DL_SYSCTL_getClockStatus)
                  00001510    0000000c     ti_msp_dl_config.o (.text.DL_SYSCTL_readFCC)
                  0000151c    0000000a     driverlib.a : dl_common.o (.text.DL_Common_delayCycles)
                  00001526    00000002     --HOLE-- [fill = 0]
                  00001528    00000008     libclang_rt.builtins.a : aeabi_memcpy.S.obj (.text.__aeabi_memcpy)
                  00001530    00000006     libc.a : exit.c.obj (.text:abort)
                  00001536    00000004     startup_mspm0g350x_ticlang.o (.text.Default_Handler)
                  0000153a    00000004     libsysbm.a : hostexit.c.obj (.text.HOSTexit)
                  0000153e    00000004     startup_mspm0g350x_ticlang.o (.text.Reset_Handler)
                  00001542    00000004     libc.a : pre_init.c.obj (.text._system_pre_init)
                  00001546    00000002     --HOLE-- [fill = 0]

.cinit     0    00001590    00000018     
                  00001590    00000008     (__TI_handler_table)
                  00001598    00000007     (.cinit..data.load) [load image, compression = lzss]
                  0000159f    00000001     --HOLE-- [fill = 0]
                  000015a0    00000008     (__TI_cinit_table)

.rodata    0    00001548    00000048     
                  00001548    00000028     ti_msp_dl_config.o (.rodata.gSYSPLLConfig)
                  00001570    0000000a     ti_msp_dl_config.o (.rodata.gPRINTConfig)
                  0000157a    00000002     ti_msp_dl_config.o (.rodata.gOLEDClockConfig)
                  0000157c    00000008     ti_msp_dl_config.o (.rodata.gDCC_100_PWM2Config)
                  00001584    00000003     ti_msp_dl_config.o (.rodata.gDCC_100_PWM2ClockConfig)
                  00001587    00000002     ti_msp_dl_config.o (.rodata.gPRINTClockConfig)
                  00001589    00000007     --HOLE-- [fill = 0]

.init_array 
*          0    00000000    00000000     UNINITIALIZED

.binit     0    00000000    00000000     

.data      0    20200000    00000004     UNINITIALIZED
                  20200000    00000004     step_motor.o (.data.step_remain_2)

.stack     0    20207e00    00000200     UNINITIALIZED
                  20207e00    00000004     libc.a : boot_cortex_m.c.obj (.stack)
                  20207e04    000001fc     --HOLE--

__llvm_prf_cnts 
*          0    20200000    00000000     UNINITIALIZED

__llvm_prf_bits 
*          0    20200000    00000000     UNINITIALIZED

MODULE SUMMARY

       Module                         code   ro data   rw data
       ------                         ----   -------   -------
    .\
       ti_msp_dl_config.o             2230   65        0      
       step_motor.o                   670    0         4      
       startup_mspm0g350x_ticlang.o   8      192       0      
       main.o                         152    0         0      
       uart.o                         118    0         0      
       delay.o                        28     0         0      
    +--+------------------------------+------+---------+---------+
       Total:                         3206   257       4      
                                                              
    C:/TI/mspm0_sdk_2_10_00_04/source/ti/driverlib/lib/ticlang/m0p/mspm0g1x0x_g3x0x/driverlib.a
       dl_sysctl_mspm0g1x0x_g3x0x.o   416    0         0      
       dl_timer.o                     356    0         0      
       dl_uart.o                      138    0         0      
       dl_i2c.o                       38     0         0      
       dl_common.o                    10     0         0      
    +--+------------------------------+------+---------+---------+
       Total:                         958    0         0      
                                                              
    E:\ti\ccs2050\ccs\tools\compiler\ti-cgt-armllvm_4.0.4.LTS\lib\armv6m-ti-none-eabi/c/libc.a
       copy_decompress_lzss.c.obj     124    0         0      
       autoinit.c.obj                 60     0         0      
       boot_cortex_m.c.obj            40     0         0      
       copy_decompress_none.c.obj     18     0         0      
       memcpy16.S.obj                 18     0         0      
       exit.c.obj                     6      0         0      
       pre_init.c.obj                 4      0         0      
    +--+------------------------------+------+---------+---------+
       Total:                         270    0         0      
                                                              
    E:\ti\ccs2050\ccs\tools\compiler\ti-cgt-armllvm_4.0.4.LTS\lib\armv6m-ti-none-eabi/c/libsysbm.a
       hostexit.c.obj                 4      0         0      
    +--+------------------------------+------+---------+---------+
       Total:                         4      0         0      
                                                              
    E:\ti\ccs2050\ccs\tools\compiler\ti-cgt-armllvm_4.0.4.LTS\lib\armv6m-ti-none-eabi/libclang_rt.builtins.a
       divdf3.S.obj                   268    0         0      
       comparedf2.c.obj               220    0         0      
       aeabi_dcmp.S.obj               98     0         0      
       fixunsdfsi.S.obj               66     0         0      
       aeabi_uidivmod.S.obj           64     0         0      
       floatsidf.S.obj                44     0         0      
       floatunsidf.S.obj              36     0         0      
       aeabi_memcpy.S.obj             8      0         0      
       aeabi_div0.c.obj               2      0         0      
    +--+------------------------------+------+---------+---------+
       Total:                         806    0         0      
                                                              
       Stack:                         0      0         512    
       Linker Generated:              0      23        0      
    +--+------------------------------+------+---------+---------+
       Grand Total:                   5244   280       516    


LINKER GENERATED COPY TABLES

__TI_cinit_table @ 000015a0 records: 1, size/record: 8, table size: 8
	.data: load addr=00001598, load size=00000007 bytes, run addr=20200000, run size=00000004 bytes, compression=lzss


LINKER GENERATED HANDLER TABLE

__TI_handler_table @ 00001590 records: 2, size/record: 4, table size: 8
	index: 0, handler: __TI_decompress_lzss
	index: 1, handler: __TI_decompress_none


GLOBAL SYMBOLS: SORTED ALPHABETICALLY BY Name 

address   name                                 
-------   ----                                 
00001537  ADC0_IRQHandler                      
00001537  ADC1_IRQHandler                      
00001537  AES_IRQHandler                       
0000153a  C$$EXIT                              
00001537  CANFD0_IRQHandler                    
00001537  DAC0_IRQHandler                      
0000151d  DL_Common_delayCycles                
00000f4b  DL_I2C_setClockConfig                
00001051  DL_SYSCTL_configFCC                  
000003b9  DL_SYSCTL_configSYSPLL               
00000909  DL_SYSCTL_setHFCLKSourceHFXTParams   
00000ba5  DL_SYSCTL_switchMCLKfromSYSOSCtoHSCLK
000001cd  DL_Timer_initFourCCPWMMode           
000010dd  DL_Timer_setCaptCompUpdateMethod     
00001309  DL_Timer_setCaptureCompareOutCtl     
000014f5  DL_Timer_setCaptureCompareValue      
000010f9  DL_Timer_setClockConfig              
00000acd  DL_UART_init                         
0000148d  DL_UART_setClockConfig               
00000dd1  DL_UART_transmitDataBlocking         
00001537  DMA_IRQHandler                       
00001537  Default_Handler                      
00001537  GROUP0_IRQHandler                    
00001537  GROUP1_IRQHandler                    
0000153b  HOSTexit                             
00001537  HardFault_Handler                    
00001537  I2C0_IRQHandler                      
00001537  I2C1_IRQHandler                      
00001537  NMI_Handler                          
00001537  PendSV_Handler                       
00001537  RTC_IRQHandler                       
0000153f  Reset_Handler                        
00001537  SPI0_IRQHandler                      
00001537  SPI1_IRQHandler                      
00001537  SVC_Handler                          
0000075d  SYSCFG_DL_DCC_100_PWM2_init          
0000054d  SYSCFG_DL_GPIO_init                  
000009d1  SYSCFG_DL_OLED_init                  
00000b15  SYSCFG_DL_PRINT_init                 
000002d1  SYSCFG_DL_SYSCTL_SYSPLL_init         
00000675  SYSCFG_DL_SYSCTL_init                
00001131  SYSCFG_DL_init                       
00000839  SYSCFG_DL_initPower                  
00001537  SysTick_Handler                      
00001537  TIMA0_IRQHandler                     
00001537  TIMA1_IRQHandler                     
00000d65  TIMG0_IRQHandler                     
00001537  TIMG12_IRQHandler                    
00001537  TIMG6_IRQHandler                     
00001537  TIMG7_IRQHandler                     
00001537  TIMG8_IRQHandler                     
0000149f  TI_memcpy_small                      
00000d9d  UART0_IRQHandler                     
00001537  UART1_IRQHandler                     
00001537  UART2_IRQHandler                     
00001537  UART3_IRQHandler                     
0000114d  UART_send_char                       
20208000  __STACK_END                          
00000200  __STACK_SIZE                         
00000000  __TI_ATRegion0_region_sz             
00000000  __TI_ATRegion0_src_addr              
00000000  __TI_ATRegion0_trg_addr              
00000000  __TI_ATRegion1_region_sz             
00000000  __TI_ATRegion1_src_addr              
00000000  __TI_ATRegion1_trg_addr              
00000000  __TI_ATRegion2_region_sz             
00000000  __TI_ATRegion2_src_addr              
00000000  __TI_ATRegion2_trg_addr              
000015a0  __TI_CINIT_Base                      
000015a8  __TI_CINIT_Limit                     
000015a8  __TI_CINIT_Warm                      
00001590  __TI_Handler_Table_Base              
00001598  __TI_Handler_Table_Limit             
00000d29  __TI_auto_init_nobinit_nopinit       
000005f9  __TI_decompress_lzss                 
000014b1  __TI_decompress_none                 
ffffffff  __TI_pprof_out_hndl                  
ffffffff  __TI_prof_data_size                  
ffffffff  __TI_prof_data_start                 
00000000  __TI_static_base__                   
00000be9  __aeabi_d2uiz                        
0000096d  __aeabi_dcmpeq                       
000009a9  __aeabi_dcmpge                       
000009bd  __aeabi_dcmpgt                       
00000995  __aeabi_dcmple                       
00000981  __aeabi_dcmplt                       
000000c1  __aeabi_ddiv                         
00000e59  __aeabi_i2d                          
000009cf  __aeabi_idiv0                        
00001529  __aeabi_memcpy                       
00001529  __aeabi_memcpy4                      
00001529  __aeabi_memcpy8                      
00000f95  __aeabi_ui2d                         
00000c2d  __aeabi_uidiv                        
00000c2d  __aeabi_uidivmod                     
ffffffff  __binit__                            
000008a1  __cmpdf2                             
000000c1  __divdf3                             
000008a1  __eqdf2                              
00000be9  __fixunsdfsi                         
00000e59  __floatsidf                          
00000f95  __floatunsidf                        
000006e9  __gedf2                              
000006e9  __gtdf2                              
000008a1  __ledf2                              
000008a1  __ltdf2                              
UNDEFED   __mpu_init                           
000008a1  __nedf2                              
20207e00  __stack                              
20200000  __start___llvm_prf_bits              
20200000  __start___llvm_prf_cnts              
20200000  __stop___llvm_prf_bits               
20200000  __stop___llvm_prf_cnts               
00000efd  _c_int00_noargs                      
UNDEFED   _system_post_cinit                   
00001543  _system_pre_init                     
00001531  abort                                
ffffffff  binit                                
00001169  delay_ms                             
00000000  interruptVectors                     
000007cd  main                                 
00000c6d  step_motor_dir_set                   
00000cad  step_motor_init                      
00000b5d  step_motor_set_angle                 
00001185  step_motor_start                     
00001399  step_motor_stop                      
20200000  step_remain_2                        
00000495  step_set_speed                       


GLOBAL SYMBOLS: SORTED BY Symbol Address 

address   name                                 
-------   ----                                 
00000000  __TI_ATRegion0_region_sz             
00000000  __TI_ATRegion0_src_addr              
00000000  __TI_ATRegion0_trg_addr              
00000000  __TI_ATRegion1_region_sz             
00000000  __TI_ATRegion1_src_addr              
00000000  __TI_ATRegion1_trg_addr              
00000000  __TI_ATRegion2_region_sz             
00000000  __TI_ATRegion2_src_addr              
00000000  __TI_ATRegion2_trg_addr              
00000000  __TI_static_base__                   
00000000  interruptVectors                     
000000c1  __aeabi_ddiv                         
000000c1  __divdf3                             
000001cd  DL_Timer_initFourCCPWMMode           
00000200  __STACK_SIZE                         
000002d1  SYSCFG_DL_SYSCTL_SYSPLL_init         
000003b9  DL_SYSCTL_configSYSPLL               
00000495  step_set_speed                       
0000054d  SYSCFG_DL_GPIO_init                  
000005f9  __TI_decompress_lzss                 
00000675  SYSCFG_DL_SYSCTL_init                
000006e9  __gedf2                              
000006e9  __gtdf2                              
0000075d  SYSCFG_DL_DCC_100_PWM2_init          
000007cd  main                                 
00000839  SYSCFG_DL_initPower                  
000008a1  __cmpdf2                             
000008a1  __eqdf2                              
000008a1  __ledf2                              
000008a1  __ltdf2                              
000008a1  __nedf2                              
00000909  DL_SYSCTL_setHFCLKSourceHFXTParams   
0000096d  __aeabi_dcmpeq                       
00000981  __aeabi_dcmplt                       
00000995  __aeabi_dcmple                       
000009a9  __aeabi_dcmpge                       
000009bd  __aeabi_dcmpgt                       
000009cf  __aeabi_idiv0                        
000009d1  SYSCFG_DL_OLED_init                  
00000acd  DL_UART_init                         
00000b15  SYSCFG_DL_PRINT_init                 
00000b5d  step_motor_set_angle                 
00000ba5  DL_SYSCTL_switchMCLKfromSYSOSCtoHSCLK
00000be9  __aeabi_d2uiz                        
00000be9  __fixunsdfsi                         
00000c2d  __aeabi_uidiv                        
00000c2d  __aeabi_uidivmod                     
00000c6d  step_motor_dir_set                   
00000cad  step_motor_init                      
00000d29  __TI_auto_init_nobinit_nopinit       
00000d65  TIMG0_IRQHandler                     
00000d9d  UART0_IRQHandler                     
00000dd1  DL_UART_transmitDataBlocking         
00000e59  __aeabi_i2d                          
00000e59  __floatsidf                          
00000efd  _c_int00_noargs                      
00000f4b  DL_I2C_setClockConfig                
00000f95  __aeabi_ui2d                         
00000f95  __floatunsidf                        
00001051  DL_SYSCTL_configFCC                  
000010dd  DL_Timer_setCaptCompUpdateMethod     
000010f9  DL_Timer_setClockConfig              
00001131  SYSCFG_DL_init                       
0000114d  UART_send_char                       
00001169  delay_ms                             
00001185  step_motor_start                     
00001309  DL_Timer_setCaptureCompareOutCtl     
00001399  step_motor_stop                      
0000148d  DL_UART_setClockConfig               
0000149f  TI_memcpy_small                      
000014b1  __TI_decompress_none                 
000014f5  DL_Timer_setCaptureCompareValue      
0000151d  DL_Common_delayCycles                
00001529  __aeabi_memcpy                       
00001529  __aeabi_memcpy4                      
00001529  __aeabi_memcpy8                      
00001531  abort                                
00001537  ADC0_IRQHandler                      
00001537  ADC1_IRQHandler                      
00001537  AES_IRQHandler                       
00001537  CANFD0_IRQHandler                    
00001537  DAC0_IRQHandler                      
00001537  DMA_IRQHandler                       
00001537  Default_Handler                      
00001537  GROUP0_IRQHandler                    
00001537  GROUP1_IRQHandler                    
00001537  HardFault_Handler                    
00001537  I2C0_IRQHandler                      
00001537  I2C1_IRQHandler                      
00001537  NMI_Handler                          
00001537  PendSV_Handler                       
00001537  RTC_IRQHandler                       
00001537  SPI0_IRQHandler                      
00001537  SPI1_IRQHandler                      
00001537  SVC_Handler                          
00001537  SysTick_Handler                      
00001537  TIMA0_IRQHandler                     
00001537  TIMA1_IRQHandler                     
00001537  TIMG12_IRQHandler                    
00001537  TIMG6_IRQHandler                     
00001537  TIMG7_IRQHandler                     
00001537  TIMG8_IRQHandler                     
00001537  UART1_IRQHandler                     
00001537  UART2_IRQHandler                     
00001537  UART3_IRQHandler                     
0000153a  C$$EXIT                              
0000153b  HOSTexit                             
0000153f  Reset_Handler                        
00001543  _system_pre_init                     
00001590  __TI_Handler_Table_Base              
00001598  __TI_Handler_Table_Limit             
000015a0  __TI_CINIT_Base                      
000015a8  __TI_CINIT_Limit                     
000015a8  __TI_CINIT_Warm                      
20200000  __start___llvm_prf_bits              
20200000  __start___llvm_prf_cnts              
20200000  __stop___llvm_prf_bits               
20200000  __stop___llvm_prf_cnts               
20200000  step_remain_2                        
20207e00  __stack                              
20208000  __STACK_END                          
ffffffff  __TI_pprof_out_hndl                  
ffffffff  __TI_prof_data_size                  
ffffffff  __TI_prof_data_start                 
ffffffff  __binit__                            
ffffffff  binit                                
UNDEFED   __mpu_init                           
UNDEFED   _system_post_cinit                   

[128 symbols]
